Component: ARM Compiler 6.13.1 Tool: armlink [5d895400]

==============================================================================

Section Cross References

    demoranging.o(.text.OnTxDone) refers to demoranging.o(.bss..L_MergedGlobals.16) for [Anonymous Symbol]
    demoranging.o(.ARM.exidx.text.OnTxDone) refers to demoranging.o(.text.OnTxDone) for [Anonymous Symbol]
    demoranging.o(.text.OnRxDone) refers to demoranging.o(.bss..L_MergedGlobals.16) for [Anonymous Symbol]
    demoranging.o(.ARM.exidx.text.OnRxDone) refers to demoranging.o(.text.OnRxDone) for [Anonymous Symbol]
    demoranging.o(.text.OnTxTimeout) refers to demoranging.o(.bss..L_MergedGlobals.16) for [Anonymous Symbol]
    demoranging.o(.ARM.exidx.text.OnTxTimeout) refers to demoranging.o(.text.OnTxTimeout) for [Anonymous Symbol]
    demoranging.o(.text.OnRxTimeout) refers to demoranging.o(.bss..L_MergedGlobals.16) for [Anonymous Symbol]
    demoranging.o(.ARM.exidx.text.OnRxTimeout) refers to demoranging.o(.text.OnRxTimeout) for [Anonymous Symbol]
    demoranging.o(.text.OnRxError) refers to demoranging.o(.bss..L_MergedGlobals.16) for [Anonymous Symbol]
    demoranging.o(.ARM.exidx.text.OnRxError) refers to demoranging.o(.text.OnRxError) for [Anonymous Symbol]
    demoranging.o(.text.OnRangingDone) refers to demoranging.o(.bss..L_MergedGlobals.16) for [Anonymous Symbol]
    demoranging.o(.ARM.exidx.text.OnRangingDone) refers to demoranging.o(.text.OnRangingDone) for [Anonymous Symbol]
    demoranging.o(.text.RangingDemoInitApplication) refers to memseta.o(.text) for __aeabi_memclr4
    demoranging.o(.text.RangingDemoInitApplication) refers to demoranging.o(.data..L_MergedGlobals) for [Anonymous Symbol]
    demoranging.o(.text.RangingDemoInitApplication) refers to sx1280-hal.o(.rodata.Radio) for Radio
    demoranging.o(.text.RangingDemoInitApplication) refers to demoranging.o(.bss..L_MergedGlobals.16) for [Anonymous Symbol]
    demoranging.o(.text.RangingDemoInitApplication) refers to demoranging.o(.bss.demoBuffer) for [Anonymous Symbol]
    demoranging.o(.text.RangingDemoInitApplication) refers to demoranging.o(.bss.DemoResults) for DemoResults
    demoranging.o(.ARM.exidx.text.RangingDemoInitApplication) refers to demoranging.o(.text.RangingDemoInitApplication) for [Anonymous Symbol]
    demoranging.o(.text.RangingDemoSetRangingParameters) refers to demoranging.o(.bss..L_MergedGlobals.16) for [Anonymous Symbol]
    demoranging.o(.ARM.exidx.text.RangingDemoSetRangingParameters) refers to demoranging.o(.text.RangingDemoSetRangingParameters) for [Anonymous Symbol]
    demoranging.o(.text.RangingDemoSetRadioParameters) refers to demoranging.o(.bss..L_MergedGlobals.16) for [Anonymous Symbol]
    demoranging.o(.ARM.exidx.text.RangingDemoSetRadioParameters) refers to demoranging.o(.text.RangingDemoSetRadioParameters) for [Anonymous Symbol]
    demoranging.o(.text.RangingDemoRun) refers to demoranging.o(.text.RangingDemoInitializeParameters) for RangingDemoInitializeParameters
    demoranging.o(.text.RangingDemoRun) refers to sx1280.o(.text.SX1280ProcessIrqs) for SX1280ProcessIrqs
    demoranging.o(.text.RangingDemoRun) refers to hw-lptim.o(.text.TimerCancelTimer) for TimerCancelTimer
    demoranging.o(.text.RangingDemoRun) refers to printfa.o(i.__0printf) for __2printf
    demoranging.o(.text.RangingDemoRun) refers to dfixi.o(.text) for __aeabi_d2iz
    demoranging.o(.text.RangingDemoRun) refers to hw-lptim.o(.text.TimerCreateTimer) for TimerCreateTimer
    demoranging.o(.text.RangingDemoRun) refers to sx1280.o(.text.SX1280GetRangingCorrectionPerSfBwGain) for SX1280GetRangingCorrectionPerSfBwGain
    demoranging.o(.text.RangingDemoRun) refers to dadd.o(.text) for __aeabi_dadd
    demoranging.o(.text.RangingDemoRun) refers to dflti.o(.text) for __aeabi_i2d
    demoranging.o(.text.RangingDemoRun) refers to puts.o(i.puts) for puts
    demoranging.o(.text.RangingDemoRun) refers to demoranging.o(.bss..L_MergedGlobals.16) for [Anonymous Symbol]
    demoranging.o(.text.RangingDemoRun) refers to demoranging.o(.bss.DemoResults) for DemoResults
    demoranging.o(.text.RangingDemoRun) refers to sx1280-hal.o(.rodata.Radio) for Radio
    demoranging.o(.text.RangingDemoRun) refers to demoranging.o(.text.SendNextPacketEvent) for SendNextPacketEvent
    demoranging.o(.text.RangingDemoRun) refers to demoranging.o(.bss.demoBuffer) for [Anonymous Symbol]
    demoranging.o(.text.RangingDemoRun) refers to demoranging.o(.data..L_MergedGlobals) for [Anonymous Symbol]
    demoranging.o(.text.RangingDemoRun) refers to demoranging.o(.rodata.str1.1) for .Lstr
    demoranging.o(.text.RangingDemoRun) refers to demoranging.o(.rodata.rangingChannels) for rangingChannels
    demoranging.o(.ARM.exidx.text.RangingDemoRun) refers to demoranging.o(.text.RangingDemoRun) for [Anonymous Symbol]
    demoranging.o(.text.RangingDemoInitializeParameters) refers to sx1280-hal.o(.text.SX1280HalReadRegister) for SX1280HalReadRegister
[...]
    .Lstr.12                                 0x0800becb   Data          50  demoranging.o(.rodata.str1.1)
    .Lstr.14                                 0x0800befd   Data          36  demoranging.o(.rodata.str1.1)
    .L.str.18                                0x0800bf21   Data          15  rangingdisplay.o(.rodata.str1.1)
    [Anonymous Symbol]                       0x0800bf21   Section        0  rangingdisplay.o(.rodata.str1.1)
    .L.str.2                                 0x0800bf30   Data           7  rangingdisplay.o(.rodata.str1.1)
    .L.str.22                                0x0800bf37   Data          51  rangingdisplay.o(.rodata.str1.1)
    .L.str.21                                0x0800bf6a   Data          42  rangingdisplay.o(.rodata.str1.1)
    .L.str.23                                0x0800bf94   Data          22  rangingdisplay.o(.rodata.str1.1)
    .L.str.9                                 0x0800bfaa   Data           9  rangingdisplay.o(.rodata.str1.1)
    .L.str.10                                0x0800bfb3   Data           9  rangingdisplay.o(.rodata.str1.1)
    .L.str.11                                0x0800bfbc   Data           9  rangingdisplay.o(.rodata.str1.1)
    .L.str.4                                 0x0800bfc5   Data           8  rangingdisplay.o(.rodata.str1.1)
    .L.str.5                                 0x0800bfcd   Data           8  rangingdisplay.o(.rodata.str1.1)
    .L.str.6                                 0x0800bfd5   Data           8  rangingdisplay.o(.rodata.str1.1)
    .L.str.7                                 0x0800bfdd   Data           8  rangingdisplay.o(.rodata.str1.1)
    .L.str.8                                 0x0800bfe5   Data           8  rangingdisplay.o(.rodata.str1.1)
    .L.str                                   0x0800bfed   Data           9  segger_rtt.o(.rodata.str1.1)
    [Anonymous Symbol]                       0x0800bfed   Section        0  segger_rtt.o(.rodata.str1.1)
    .data                                    0x20000000   Section        4  stdout.o(.data)
    _errno                                   0x20000004   Data           4  errno.o(.data)
    .data                                    0x20000004   Section        4  errno.o(.data)
    demoBufferSize                           0x20000008   Data           1  demoranging.o(.data..L_MergedGlobals)
    [Anonymous Symbol]                       0x20000008   Section        0  demoranging.o(.data..L_MergedGlobals)
    [Anonymous Symbol]                       0x20000030   Section        0  stm32f1xx_hal.o(.data..L_MergedGlobals)
    resultDisplaying                         0x200000d0   Data           1  rangingdisplay.o(.bss..L_MergedGlobals)
    [Anonymous Symbol]                       0x200000d0   Section        0  rangingdisplay.o(.bss..L_MergedGlobals)
    rangingResultIndex                       0x200000d1   Data           1  rangingdisplay.o(.bss..L_MergedGlobals)
    demoResult                               0x200000d4   Data           4  rangingdisplay.o(.bss..L_MergedGlobals)
    OperatingMode                            0x200000d8   Data           1  sx1280.o(.bss..L_MergedGlobals)
    [Anonymous Symbol]                       0x200000d8   Section        0  sx1280.o(.bss..L_MergedGlobals)
    PacketType                               0x200000d9   Data           1  sx1280.o(.bss..L_MergedGlobals)
    LoRaBandwidth                            0x200000da   Data           1  sx1280.o(.bss..L_MergedGlobals)
    PollingMode                              0x200000db   Data           1  sx1280.o(.bss..L_MergedGlobals)
    IrqState                                 0x200000dc   Data           1  sx1280.o(.bss..L_MergedGlobals)
    RadioCallbacks                           0x200000e0   Data           4  sx1280.o(.bss..L_MergedGlobals)
    timerSetFlag                             0x200000e4   Data           1  hw-lptim.o(.bss..L_MergedGlobals)
    [Anonymous Symbol]                       0x200000e4   Section        0  hw-lptim.o(.bss..L_MergedGlobals)
    timerStart                               0x200000e8   Data           4  hw-lptim.o(.bss..L_MergedGlobals)
    timerWait                                0x200000ec   Data           4  hw-lptim.o(.bss..L_MergedGlobals)
    timerFunction                            0x200000f0   Data           4  hw-lptim.o(.bss..L_MergedGlobals)
    timerParam                               0x200000f4   Data           4  hw-lptim.o(.bss..L_MergedGlobals)
    demoReady                                0x200000f8   Data           1  demoranging.o(.bss..L_MergedGlobals.16)
    [Anonymous Symbol]                       0x200000f8   Section        0  demoranging.o(.bss..L_MergedGlobals.16)
    demoRunning                              0x200000f9   Data           1  demoranging.o(.bss..L_MergedGlobals.16)
    demoStatus                               0x200000fa   Data           1  demoranging.o(.bss..L_MergedGlobals.16)
    demoInternalState                        0x200000fb   Data           1  demoranging.o(.bss..L_MergedGlobals.16)
    currentChannel                           0x200000fc   Data           1  demoranging.o(.bss..L_MergedGlobals.16)
    SendNext                                 0x200000fd   Data           1  demoranging.o(.bss..L_MergedGlobals.16)
    measuredChannels                         0x200000fe   Data           2  demoranging.o(.bss..L_MergedGlobals.16)
    modulationParams                         0x20000100   Data          13  demoranging.o(.bss..L_MergedGlobals.16)
    packetParams                             0x2000010d   Data          24  demoranging.o(.bss..L_MergedGlobals.16)
    _acDownBuffer                            0x20001370   Data          16  segger_rtt.o(.bss._acDownBuffer)
    [Anonymous Symbol]                       0x20001370   Section        0  segger_rtt.o(.bss._acDownBuffer)
    _acUpBuffer                              0x20001380   Data        1024  segger_rtt.o(.bss._acUpBuffer)
    [Anonymous Symbol]                       0x20001380   Section        0  segger_rtt.o(.bss._acUpBuffer)
    demoBuffer                               0x20001780   Data         255  demoranging.o(.bss.demoBuffer)
    [Anonymous Symbol]                       0x20001780   Section        0  demoranging.o(.bss.demoBuffer)
    gpioIrq                                  0x20001880   Data          64  hw-gpio.o(.bss.gpioIrq)
    [Anonymous Symbol]                       0x20001880   Section        0  hw-gpio.o(.bss.gpioIrq)
    halRxBuffer                              0x200018c0   Data        4095  sx1280-hal.o(.bss.halRxBuffer)
    [Anonymous Symbol]                       0x200018c0   Section        0  sx1280-hal.o(.bss.halRxBuffer)
    halTxBuffer                              0x200028bf   Data        4095  sx1280-hal.o(.bss.halTxBuffer)
    [Anonymous Symbol]                       0x200028bf   Section        0  sx1280-hal.o(.bss.halTxBuffer)
    STACK                                    0x20003968   Section     1024  startup_stm32f103xb.o(STACK)

    Global Symbols

    Symbol Name                              Value     Ov Type        Size  Object(Section)

    BuildAttributes$$THM_ISAv4$P$D$K$B$S$PE$A:L22UL41UL21$X:L11$S22US41US21$IEEE1$IW$~IW$USESV6$~STKCKD$USESV7$~SHL$OTIME$ROPI$IEEEX$EBA8$MICROLIB$REQ8$PRES8$EABIv2 0x00000000   Number         0  anon$$obj.o ABSOLUTE
    _printf_a                                0x00000000   Number         0  printfstubs.o ABSOLUTE
    _printf_c                                0x00000000   Number         0  printfstubs.o ABSOLUTE
    _printf_charcount                        0x00000000   Number         0  printfstubs.o ABSOLUTE
    _printf_d                                0x00000000   Number         0  printfstubs.o ABSOLUTE
    _printf_e                                0x00000000   Number         0  printfstubs.o ABSOLUTE
    _printf_f                                0x00000000   Number         0  printfstubs.o ABSOLUTE
    _printf_flags                            0x00000000   Number         0  printfstubs.o ABSOLUTE
    _printf_fp_dec                           0x00000000   Number         0  printfstubs.o ABSOLUTE
    _printf_fp_hex                           0x00000000   Number         0  printfstubs.o ABSOLUTE
    _printf_g                                0x00000000   Number         0  printfstubs.o ABSOLUTE
    _printf_i                                0x00000000   Number         0  printfstubs.o ABSOLUTE
    _printf_int_dec                          0x00000000   Number         0  printfstubs.o ABSOLUTE
    _printf_l                                0x00000000   Number         0  printfstubs.o ABSOLUTE
    _printf_lc                               0x00000000   Number         0  printfstubs.o ABSOLUTE
    _printf_ll                               0x00000000   Number         0  printfstubs.o ABSOLUTE
    _printf_lld                              0x00000000   Number         0  printfstubs.o ABSOLUTE
    _printf_lli                              0x00000000   Number         0  printfstubs.o ABSOLUTE
    _printf_llo                              0x00000000   Number         0  printfstubs.o ABSOLUTE
    _printf_llu                              0x00000000   Number         0  printfstubs.o ABSOLUTE
    _printf_llx                              0x00000000   Number         0  printfstubs.o ABSOLUTE
    _printf_longlong_dec                     0x00000000   Number         0  printfstubs.o ABSOLUTE
    _printf_longlong_hex                     0x00000000   Number         0  printfstubs.o ABSOLUTE
    _printf_longlong_oct                     0x00000000   Number         0  printfstubs.o ABSOLUTE
    _printf_ls                               0x00000000   Number         0  printfstubs.o ABSOLUTE
    _printf_mbtowc                           0x00000000   Number         0  printfstubs.o ABSOLUTE
    _printf_n                                0x00000000   Number         0  printfstubs.o ABSOLUTE
    _printf_o                                0x00000000   Number         0  printfstubs.o ABSOLUTE
    _printf_p                                0x00000000   Number         0  printfstubs.o ABSOLUTE
    _printf_percent                          0x00000000   Number         0  printfstubs.o ABSOLUTE
    _printf_pre_padding                      0x00000000   Number         0  printfstubs.o ABSOLUTE
    _printf_return_value                     0x00000000   Number         0  printfstubs.o ABSOLUTE
    _printf_s                                0x00000000   Number         0  printfstubs.o ABSOLUTE
    _printf_sizespec                         0x00000000   Number         0  printfstubs.o ABSOLUTE
    _printf_str                              0x00000000   Number         0  printfstubs.o ABSOLUTE
    _printf_truncate_signed                  0x00000000   Number         0  printfstubs.o ABSOLUTE
    _printf_truncate_unsigned                0x00000000   Number         0  printfstubs.o ABSOLUTE
    _printf_u                                0x00000000   Number         0  printfstubs.o ABSOLUTE
    _printf_wc                               0x00000000   Number         0  printfstubs.o ABSOLUTE
    _printf_wctomb                           0x00000000   Number         0  printfstubs.o ABSOLUTE
    _printf_widthprec                        0x00000000   Number         0  printfstubs.o ABSOLUTE
    _printf_x                                0x00000000   Number         0  printfstubs.o ABSOLUTE
    __cpp_initialize__aeabi_                  - Undefined Weak Reference
    __cxa_finalize                            - Undefined Weak Reference
    __decompress                              - Undefined Weak Reference
    _clock_init                               - Undefined Weak Reference
    _microlib_exit                            - Undefined Weak Reference
    _scanf_longlong                           - Undefined Weak Reference
    _scanf_real                               - Undefined Weak Reference
    _scanf_string                             - Undefined Weak Reference
    __Vectors_Size                           0x000000ec   Number         0  startup_stm32f103xb.o ABSOLUTE
    __Vectors                                0x08000000   Data           4  startup_stm32f103xb.o(RESET)
    __Vectors_End                            0x080000ec   Data           0  startup_stm32f103xb.o(RESET)
    __main                                   0x080000ed   Thumb Code     0  entry.o(.ARM.Collect$$$$00000000)
    _main_stk                                0x080000ed   Thumb Code     0  entry2.o(.ARM.Collect$$$$00000001)
    _main_scatterload                        0x080000f1   Thumb Code     0  entry5.o(.ARM.Collect$$$$00000004)
    __main_after_scatterload                 0x080000f5   Thumb Code     0  entry5.o(.ARM.Collect$$$$00000004)
    _main_clock                              0x080000f5   Thumb Code     0  entry7b.o(.ARM.Collect$$$$00000008)
    _main_cpp_init                           0x080000f5   Thumb Code     0  entry8b.o(.ARM.Collect$$$$0000000A)
    _main_init                               0x080000f5   Thumb Code     0  entry9a.o(.ARM.Collect$$$$0000000B)
    __rt_final_cpp                           0x080000fd   Thumb Code     0  entry10a.o(.ARM.Collect$$$$0000000D)
    __rt_final_exit                          0x080000fd   Thumb Code     0  entry11a.o(.ARM.Collect$$$$0000000F)
    Reset_Handler                            0x08000101   Thumb Code     8  startup_stm32f103xb.o(.text)
    ADC1_2_IRQHandler                        0x0800011b   Thumb Code     0  startup_stm32f103xb.o(.text)
    CAN1_RX1_IRQHandler                      0x0800011b   Thumb Code     0  startup_stm32f103xb.o(.text)
    CAN1_SCE_IRQHandler                      0x0800011b   Thumb Code     0  startup_stm32f103xb.o(.text)
    DMA1_Channel1_IRQHandler                 0x0800011b   Thumb Code     0  startup_stm32f103xb.o(.text)
    DMA1_Channel2_IRQHandler                 0x0800011b   Thumb Code     0  startup_stm32f103xb.o(.text)
    DMA1_Channel3_IRQHandler                 0x0800011b   Thumb Code     0  startup_stm32f103xb.o(.text)
    DMA1_Channel4_IRQHandler                 0x0800011b   Thumb Code     0  startup_stm32f103xb.o(.text)
    DMA1_Channel5_IRQHandler                 0x0800011b   Thumb Code     0  startup_stm32f103xb.o(.text)
    DMA1_Channel6_IRQHandler                 0x0800011b   Thumb Code     0  startup_stm32f103xb.o(.text)
    DMA1_Channel7_IRQHandler                 0x0800011b   Thumb Code     0  startup_stm32f103xb.o(.text)
    EXTI0_IRQHandler                         0x0800011b   Thumb Code     0  startup_stm32f103xb.o(.text)
    EXTI1_IRQHandler                         0x0800011b   Thumb Code     0  startup_stm32f103xb.o(.text)
    EXTI2_IRQHandler                         0x0800011b   Thumb Code     0  startup_stm32f103xb.o(.text)
    EXTI3_IRQHandler                         0x0800011b   Thumb Code     0  startup_stm32f103xb.o(.text)
    EXTI4_IRQHandler                         0x0800011b   Thumb Code     0  startup_stm32f103xb.o(.text)
    EXTI9_5_IRQHandler                       0x0800011b   Thumb Code     0  startup_stm32f103xb.o(.text)
    FLASH_IRQHandler                         0x0800011b   Thumb Code     0  startup_stm32f103xb.o(.text)
    I2C1_ER_IRQHandler                       0x0800011b   Thumb Code     0  startup_stm32f103xb.o(.text)
    I2C1_EV_IRQHandler                       0x0800011b   Thumb Code     0  startup_stm32f103xb.o(.text)
    I2C2_ER_IRQHandler                       0x0800011b   Thumb Code     0  startup_stm32f103xb.o(.text)
    I2C2_EV_IRQHandler                       0x0800011b   Thumb Code     0  startup_stm32f103xb.o(.text)
    PVD_IRQHandler                           0x0800011b   Thumb Code     0  startup_stm32f103xb.o(.text)
    RCC_IRQHandler                           0x0800011b   Thumb Code     0  startup_stm32f103xb.o(.text)
    RTC_Alarm_IRQHandler                     0x0800011b   Thumb Code     0  startup_stm32f103xb.o(.text)
    RTC_IRQHandler                           0x0800011b   Thumb Code     0  startup_stm32f103xb.o(.text)
    SPI1_IRQHandler                          0x0800011b   Thumb Code     0  startup_stm32f103xb.o(.text)
    SPI2_IRQHandler                          0x0800011b   Thumb Code     0  startup_stm32f103xb.o(.text)
    TAMPER_IRQHandler                        0x0800011b   Thumb Code     0  startup_stm32f103xb.o(.text)
    TIM1_BRK_IRQHandler                      0x0800011b   Thumb Code     0  startup_stm32f103xb.o(.text)
    TIM1_CC_IRQHandler                       0x0800011b   Thumb Code     0  startup_stm32f103xb.o(.text)
    TIM1_TRG_COM_IRQHandler                  0x0800011b   Thumb Code     0  startup_stm32f103xb.o(.text)
    TIM1_UP_IRQHandler                       0x0800011b   Thumb Code     0  startup_stm32f103xb.o(.text)
    TIM2_IRQHandler                          0x0800011b   Thumb Code     0  startup_stm32f103xb.o(.text)
    TIM3_IRQHandler                          0x0800011b   Thumb Code     0  startup_stm32f103xb.o(.text)
    TIM4_IRQHandler                          0x0800011b   Thumb Code     0  startup_stm32f103xb.o(.text)
    USART1_IRQHandler                        0x0800011b   Thumb Code     0  startup_stm32f103xb.o(.text)
    USART2_IRQHandler                        0x0800011b   Thumb Code     0  startup_stm32f103xb.o(.text)
    USBWakeUp_IRQHandler                     0x0800011b   Thumb Code     0  startup_stm32f103xb.o(.text)
    USB_HP_CAN1_TX_IRQHandler                0x0800011b   Thumb Code     0  startup_stm32f103xb.o(.text)
    USB_LP_CAN1_RX0_IRQHandler               0x0800011b   Thumb Code     0  startup_stm32f103xb.o(.text)
    WWDG_IRQHandler                          0x0800011b   Thumb Code     0  startup_stm32f103xb.o(.text)
    __aeabi_llsr                             0x08000125   Thumb Code    32  llushr.o(.text)
    _ll_ushift_r                             0x08000125   Thumb Code     0  llushr.o(.text)
    __aeabi_memcpy                           0x08000145   Thumb Code    36  memcpya.o(.text)
    __aeabi_memcpy4                          0x08000145   Thumb Code     0  memcpya.o(.text)
    __aeabi_memcpy8                          0x08000145   Thumb Code     0  memcpya.o(.text)
    __aeabi_memset                           0x08000169   Thumb Code    14  memseta.o(.text)
    __aeabi_memset4                          0x08000169   Thumb Code     0  memseta.o(.text)
    __aeabi_memset8                          0x08000169   Thumb Code     0  memseta.o(.text)
    __aeabi_memclr                           0x08000177   Thumb Code     4  memseta.o(.text)
    __aeabi_memclr4                          0x08000177   Thumb Code     0  memseta.o(.text)
    __aeabi_memclr8                          0x08000177   Thumb Code     0  memseta.o(.text)
    _memset$wrapper                          0x0800017b   Thumb Code    18  memseta.o(.text)
    _scanf_int                               0x0800018d   Thumb Code   332  _scanf_int.o(.text)
    __aeabi_dadd                             0x080002d9   Thumb Code   322  dadd.o(.text)
    __aeabi_dsub                             0x0800041b   Thumb Code     6  dadd.o(.text)
    __aeabi_drsub                            0x08000421   Thumb Code     6  dadd.o(.text)
    __aeabi_dmul                             0x08000427   Thumb Code   228  dmul.o(.text)
    __aeabi_ddiv                             0x0800050b   Thumb Code   222  ddiv.o(.text)
    __aeabi_dcmpge                           0x080005e9   Thumb Code    54  dcmpge.o(.text)
    __aeabi_dcmpgt                           0x0800061f   Thumb Code    54  dcmpgt.o(.text)
    __aeabi_i2d                              0x08000655   Thumb Code    34  dflti.o(.text)
    __aeabi_ui2d                             0x08000677   Thumb Code    26  dfltui.o(.text)
    __aeabi_d2iz                             0x08000691   Thumb Code    62  dfixi.o(.text)
    __aeabi_d2uiz                            0x080006cf   Thumb Code    50  dfixui.o(.text)
    __aeabi_uidiv                            0x08000701   Thumb Code     0  uidiv.o(.text)
    __aeabi_uidivmod                         0x08000701   Thumb Code    44  uidiv.o(.text)
    __aeabi_uldivmod                         0x0800072d   Thumb Code    98  uldiv.o(.text)
    __aeabi_llsl                             0x0800078f   Thumb Code    30  llshl.o(.text)
    _ll_shift_l                              0x0800078f   Thumb Code     0  llshl.o(.text)
    __aeabi_lasr                             0x080007ad   Thumb Code    36  llsshr.o(.text)
    _ll_sshift_r                             0x080007ad   Thumb Code     0  llsshr.o(.text)
    _chval                                   0x080007d1   Thumb Code    28  _chval.o(.text)
    __I$use$fp                               0x080007ed   Thumb Code     0  iusefp.o(.text)
    _double_round                            0x080007ed   Thumb Code    30  depilogue.o(.text)
    _double_epilogue                         0x0800080b   Thumb Code   156  depilogue.o(.text)
    __ARM_scalbn                             0x080008a7   Thumb Code    46  dscalb.o(.text)
    scalbn                                   0x080008a7   Thumb Code     0  dscalb.o(.text)
    __aeabi_d2ulz                            0x080008d5   Thumb Code    48  dfixul.o(.text)
    __aeabi_cdrcmple                         0x08000905   Thumb Code    48  cdrcmple.o(.text)
    __scatterload                            0x08000935   Thumb Code    28  init.o(.text)
    __scatterload_rt2                        0x08000935   Thumb Code     0  init.o(.text)
    _dsqrt                                   0x08000959   Thumb Code   162  dsqrt.o(.text)
    BusFault_Handler                         0x080009fb   Thumb Code     2  stm32f1xx_it.o(.text.BusFault_Handler)
    DebugMon_Handler                         0x080009fd   Thumb Code     2  stm32f1xx_it.o(.text.DebugMon_Handler)
    EXTI15_10_IRQHandler                     0x080009ff   Thumb Code     8  stm32f1xx_it.o(.text.EXTI15_10_IRQHandler)
    Error_Handler                            0x08000a07   Thumb Code     8  main.o(.text.Error_Handler)
    GpioGetBitPos                            0x08000a0f   Thumb Code    50  hw-gpio.o(.text.GpioGetBitPos)
    GpioLaunchIrqHandler                     0x08000a41   Thumb Code    24  hw-gpio.o(.text.GpioLaunchIrqHandler)
    GpioRead                                 0x08000a59   Thumb Code     8  hw-gpio.o(.text.GpioRead)
    GpioSetIrq                               0x08000a61   Thumb Code    56  hw-gpio.o(.text.GpioSetIrq)
    GpioWrite                                0x08000a99   Thumb Code     6  hw-gpio.o(.text.GpioWrite)
    HAL_DMA_Abort                            0x08000a9f   Thumb Code    64  stm32f1xx_hal_dma.o(.text.HAL_DMA_Abort)
    HAL_DMA_Abort_IT                         0x08000ae1   Thumb Code   160  stm32f1xx_hal_dma.o(.text.HAL_DMA_Abort_IT)
    HAL_Delay                                0x08000b81   Thumb Code    32  stm32f1xx_hal.o(.text.HAL_Delay)
    HAL_GPIO_EXTI_Callback                   0x08000ba1   Thumb Code     4  hw-gpio.o(.text.HAL_GPIO_EXTI_Callback)
    HAL_GPIO_EXTI_IRQHandler                 0x08000ba5   Thumb Code    20  stm32f1xx_hal_gpio.o(.text.HAL_GPIO_EXTI_IRQHandler)
    HAL_GPIO_Init                            0x08000bb9   Thumb Code   412  stm32f1xx_hal_gpio.o(.text.HAL_GPIO_Init)
    HAL_GPIO_ReadPin                         0x08000d55   Thumb Code    10  stm32f1xx_hal_gpio.o(.text.HAL_GPIO_ReadPin)
    HAL_GPIO_WritePin                        0x08000d5f   Thumb Code    10  stm32f1xx_hal_gpio.o(.text.HAL_GPIO_WritePin)
    HAL_GetTick                              0x08000d69   Thumb Code     8  stm32f1xx_hal.o(.text.HAL_GetTick)
    HAL_I2C_Init                             0x08000d71   Thumb Code   376  stm32f1xx_hal_i2c.o(.text.HAL_I2C_Init)
    HAL_I2C_MspInit                          0x08000ee9   Thumb Code    92  stm32f1xx_hal_msp.o(.text.HAL_I2C_MspInit)
    HAL_IncTick                              0x08000f45   Thumb Code    24  stm32f1xx_hal.o(.text.HAL_IncTick)
    HAL_Init                                 0x08000f5d   Thumb Code    32  stm32f1xx_hal.o(.text.HAL_Init)
    HAL_InitTick                             0x08000f7d   Thumb Code    60  stm32f1xx_hal.o(.text.HAL_InitTick)
    HAL_MspInit                              0x08000fb9   Thumb Code    64  stm32f1xx_hal_msp.o(.text.HAL_MspInit)
    HAL_NVIC_EnableIRQ                       0x08000ff9   Thumb Code    28  stm32f1xx_hal_cortex.o(.text.HAL_NVIC_EnableIRQ)
    HAL_NVIC_SetPriority                     0x08001015   Thumb Code    56  stm32f1xx_hal_cortex.o(.text.HAL_NVIC_SetPriority)
    HAL_NVIC_SetPriorityGrouping             0x0800104d   Thumb Code    32  stm32f1xx_hal_cortex.o(.text.HAL_NVIC_SetPriorityGrouping)
    HAL_RCC_ClockConfig                      0x0800106d   Thumb Code   316  stm32f1xx_hal_rcc.o(.text.HAL_RCC_ClockConfig)
    HAL_RCC_GetPCLK1Freq                     0x080011a9   Thumb Code    20  stm32f1xx_hal_rcc.o(.text.HAL_RCC_GetPCLK1Freq)
    HAL_RCC_GetPCLK2Freq                     0x080011bd   Thumb Code    28  stm32f1xx_hal_rcc.o(.text.HAL_RCC_GetPCLK2Freq)
    HAL_RCC_GetSysClockFreq                  0x080011d9   Thumb Code    96  stm32f1xx_hal_rcc.o(.text.HAL_RCC_GetSysClockFreq)
    HAL_RCC_OscConfig                        0x08001239   Thumb Code   816  stm32f1xx_hal_rcc.o(.text.HAL_RCC_OscConfig)
    HAL_SPI_Init                             0x08001569   Thumb Code   178  stm32f1xx_hal_spi.o(.text.HAL_SPI_Init)
    HAL_SPI_MspInit                          0x0800161d   Thumb Code   116  stm32f1xx_hal_msp.o(.text.HAL_SPI_MspInit)
    HAL_SPI_Transmit                         0x08001691   Thumb Code   358  stm32f1xx_hal_spi.o(.text.HAL_SPI_Transmit)
    HAL_SPI_TransmitReceive                  0x080017f7   Thumb Code   476  stm32f1xx_hal_spi.o(.text.HAL_SPI_TransmitReceive)
    HAL_SYSTICK_Config                       0x080019d5   Thumb Code    40  stm32f1xx_hal_cortex.o(.text.HAL_SYSTICK_Config)
    HAL_UARTEx_RxEventCallback               0x080019fd   Thumb Code     2  stm32f1xx_hal_uart.o(.text.HAL_UARTEx_RxEventCallback)
    HAL_UART_ErrorCallback                   0x080019ff   Thumb Code     2  stm32f1xx_hal_uart.o(.text.HAL_UART_ErrorCallback)
    HAL_UART_IRQHandler                      0x08001a01   Thumb Code   656  stm32f1xx_hal_uart.o(.text.HAL_UART_IRQHandler)
    HAL_UART_Init                            0x08001c91   Thumb Code    94  stm32f1xx_hal_uart.o(.text.HAL_UART_Init)
    HAL_UART_MspInit                         0x08001cf1   Thumb Code   136  stm32f1xx_hal_msp.o(.text.HAL_UART_MspInit)
    HAL_UART_RxCpltCallback                  0x08001d79   Thumb Code     2  stm32f1xx_hal_uart.o(.text.HAL_UART_RxCpltCallback)
    HAL_UART_Transmit                        0x08001d7b   Thumb Code   166  stm32f1xx_hal_uart.o(.text.HAL_UART_Transmit)
    HAL_UART_TxCpltCallback                  0x08001e21   Thumb Code     2  stm32f1xx_hal_uart.o(.text.HAL_UART_TxCpltCallback)
    HardFault_Handler                        0x08001e23   Thumb Code     2  stm32f1xx_it.o(.text.HardFault_Handler)
    MSP_GetIRQn                              0x08001e25   Thumb Code    72  hw-gpio.o(.text.MSP_GetIRQn)
    MemManage_Handler                        0x08001e6d   Thumb Code     2  stm32f1xx_it.o(.text.MemManage_Handler)
    NMI_Handler                              0x08001e6f   Thumb Code     2  stm32f1xx_it.o(.text.NMI_Handler)
    OnRangingDone                            0x08001e71   Thumb Code    28  demoranging.o(.text.OnRangingDone)
    OnRxDone                                 0x08001e8d   Thumb Code     8  demoranging.o(.text.OnRxDone)
    OnRxError                                0x08001e95   Thumb Code     8  demoranging.o(.text.OnRxError)
    OnRxTimeout                              0x08001e9d   Thumb Code     8  demoranging.o(.text.OnRxTimeout)
    OnTxDone                                 0x08001ea5   Thumb Code     8  demoranging.o(.text.OnTxDone)
    OnTxTimeout                              0x08001ead   Thumb Code     8  demoranging.o(.text.OnTxTimeout)
    PendSV_Handler                           0x08001eb5   Thumb Code     2  stm32f1xx_it.o(.text.PendSV_Handler)
    RangingDemoCheckDistance                 0x08001eb9   Thumb Code   360  demoranging.o(.text.RangingDemoCheckDistance)
    RangingDemoGetConfiguration              0x08002021   Thumb Code     8  demoranging.o(.text.RangingDemoGetConfiguration)
    RangingDemoGetResult                     0x08002029   Thumb Code    16  demoranging.o(.text.RangingDemoGetResult)
    RangingDemoInitApplication               0x08002039   Thumb Code   120  demoranging.o(.text.RangingDemoInitApplication)
    RangingDemoInitializeParameters          0x080020b1   Thumb Code   284  demoranging.o(.text.RangingDemoInitializeParameters)
    RangingDemoReset                         0x080021cd   Thumb Code    44  demoranging.o(.text.RangingDemoReset)
    RangingDemoRun                           0x080021f9   Thumb Code  1708  demoranging.o(.text.RangingDemoRun)
    RangingDemoSetRadioParameters            0x080028a5   Thumb Code    28  demoranging.o(.text.RangingDemoSetRadioParameters)
    RangingDemoSetRangingParameters          0x080028c1   Thumb Code    24  demoranging.o(.text.RangingDemoSetRangingParameters)
    RangingDisplayUartOutputData             0x080028d9   Thumb Code   416  rangingdisplay.o(.text.RangingDisplayUartOutputData)
    RangingDisplayUartOutputDistance         0x08002a79   Thumb Code    72  rangingdisplay.o(.text.RangingDisplayUartOutputDistance)
    SEGGER_RTT_Init                          0x08002bf1   Thumb Code     4  segger_rtt.o(.text.SEGGER_RTT_Init)
    SVC_Handler                              0x08002ccd   Thumb Code     2  stm32f1xx_it.o(.text.SVC_Handler)
    SX1280Calibrate                          0x08002ccf   Thumb Code    24  sx1280.o(.text.SX1280Calibrate)
    SX1280ClearIrqStatus                     0x08002ce7   Thumb Code    22  sx1280.o(.text.SX1280ClearIrqStatus)
    SX1280ComputeRangingCorrectionPolynome   0x08002cfd   Thumb Code   156  sx1280.o(.text.SX1280ComputeRangingCorrectionPolynome)
    SX1280DisableManualGain                  0x08002d99   Thumb Code    46  sx1280.o(.text.SX1280DisableManualGain)
    SX1280EnableManualGain                   0x08002dc7   Thumb Code    46  sx1280.o(.text.SX1280EnableManualGain)
    SX1280GetFirmwareVersion                 0x08002df5   Thumb Code    26  sx1280.o(.text.SX1280GetFirmwareVersion)
    SX1280GetFrequencyError                  0x08002e11   Thumb Code   136  sx1280.o(.text.SX1280GetFrequencyError)
    SX1280GetIrqStatus                       0x08002e99   Thumb Code    24  sx1280.o(.text.SX1280GetIrqStatus)
    SX1280GetLoRaBandwidth                   0x08002eb1   Thumb Code    56  sx1280.o(.text.SX1280GetLoRaBandwidth)
    SX1280GetOpMode                          0x08002ee9   Thumb Code     8  sx1280.o(.text.SX1280GetOpMode)
    SX1280GetPacketStatus                    0x08002ef1   Thumb Code   496  sx1280.o(.text.SX1280GetPacketStatus)
    SX1280GetPacketType                      0x080030e1   Thumb Code    12  sx1280.o(.text.SX1280GetPacketType)
    SX1280GetPayload                         0x080030ed   Thumb Code    42  sx1280.o(.text.SX1280GetPayload)
    SX1280GetRangingCorrectionPerSfBwGain    0x08003119   Thumb Code    72  sx1280.o(.text.SX1280GetRangingCorrectionPerSfBwGain)
    SX1280GetRangingPowerDeltaThresholdIndicator 0x08003161   Thumb Code    64  sx1280.o(.text.SX1280GetRangingPowerDeltaThresholdIndicator)
    SX1280GetRangingResult                   0x080031a1   Thumb Code   220  sx1280.o(.text.SX1280GetRangingResult)
    SX1280GetRssiInst                        0x0800327d   Thumb Code    36  sx1280.o(.text.SX1280GetRssiInst)
    SX1280GetRxBufferStatus                  0x080032a1   Thumb Code    80  sx1280.o(.text.SX1280GetRxBufferStatus)
    SX1280GetStatus                          0x080032f1   Thumb Code    26  sx1280.o(.text.SX1280GetStatus)
    SX1280HalGetDioStatus                    0x0800330d   Thumb Code    36  sx1280-hal.o(.text.SX1280HalGetDioStatus)
    SX1280HalInit                            0x08003331   Thumb Code    18  sx1280-hal.o(.text.SX1280HalInit)
    SX1280HalIoIrqInit                       0x08003345   Thumb Code    16  sx1280-hal.o(.text.SX1280HalIoIrqInit)
    SX1280HalReadBuffer                      0x08003355   Thumb Code    96  sx1280-hal.o(.text.SX1280HalReadBuffer)
    SX1280HalReadCommand                     0x080033b5   Thumb Code    92  sx1280-hal.o(.text.SX1280HalReadCommand)
    SX1280HalReadRegister                    0x08003411   Thumb Code    18  sx1280-hal.o(.text.SX1280HalReadRegister)
    SX1280HalReadRegisters                   0x08003425   Thumb Code   104  sx1280-hal.o(.text.SX1280HalReadRegisters)
    SX1280HalReset                           0x0800348d   Thumb Code    52  sx1280-hal.o(.text.SX1280HalReset)
    SX1280HalWaitOnBusy                      0x080034c1   Thumb Code    20  sx1280-hal.o(.text.SX1280HalWaitOnBusy)
    SX1280HalWriteBuffer                     0x080034d5   Thumb Code    64  sx1280-hal.o(.text.SX1280HalWriteBuffer)
    SX1280HalWriteCommand                    0x08003515   Thumb Code    84  sx1280-hal.o(.text.SX1280HalWriteCommand)
    SX1280HalWriteRegister                   0x08003569   Thumb Code    18  sx1280-hal.o(.text.SX1280HalWriteRegister)
    SX1280HalWriteRegisters                  0x0800357d   Thumb Code    80  sx1280-hal.o(.text.SX1280HalWriteRegisters)
    SX1280Init                               0x080035cd   Thumb Code    16  sx1280.o(.text.SX1280Init)
    SX1280OnDioIrq                           0x080035dd   Thumb Code    24  sx1280.o(.text.SX1280OnDioIrq)
    SX1280ProcessIrqs                        0x080035f5   Thumb Code   568  sx1280.o(.text.SX1280ProcessIrqs)
    SX1280RangingClearFilterResult           0x0800382d   Thumb Code    40  sx1280.o(.text.SX1280RangingClearFilterResult)
    SX1280RangingSetFilterNumSamples         0x08003855   Thumb Code    18  sx1280.o(.text.SX1280RangingSetFilterNumSamples)
    SX1280SendPayload                        0x08003867   Thumb Code    18  sx1280.o(.text.SX1280SendPayload)
    SX1280SetAutoFS                          0x08003879   Thumb Code    20  sx1280.o(.text.SX1280SetAutoFS)
    SX1280SetAutoTx                          0x0800388d   Thumb Code    26  sx1280.o(.text.SX1280SetAutoTx)
    SX1280SetBleAccessAddress                0x080038a9   Thumb Code    52  sx1280.o(.text.SX1280SetBleAccessAddress)
    SX1280SetBleAdvertizerAccessAddress      0x080038dd   Thumb Code    12  sx1280.o(.text.SX1280SetBleAdvertizerAccessAddress)
    SX1280SetBufferBaseAddresses             0x080038e9   Thumb Code    24  sx1280.o(.text.SX1280SetBufferBaseAddresses)
    SX1280SetCad                             0x08003901   Thumb Code    20  sx1280.o(.text.SX1280SetCad)
    SX1280SetCadParams                       0x08003915   Thumb Code    28  sx1280.o(.text.SX1280SetCadParams)
    SX1280SetCrcPolynomial                   0x08003931   Thumb Code    36  sx1280.o(.text.SX1280SetCrcPolynomial)
    SX1280SetCrcSeed                         0x08003955   Thumb Code    36  sx1280.o(.text.SX1280SetCrcSeed)
    SX1280SetDeviceRangingAddress            0x08003979   Thumb Code    32  sx1280.o(.text.SX1280SetDeviceRangingAddress)
    SX1280SetDioIrqParams                    0x08003999   Thumb Code    54  sx1280.o(.text.SX1280SetDioIrqParams)
    SX1280SetFs                              0x080039d1   Thumb Code    20  sx1280.o(.text.SX1280SetFs)
    SX1280SetInterruptMode                   0x080039e5   Thumb Code     8  sx1280.o(.text.SX1280SetInterruptMode)
    SX1280SetLNAGainSetting                  0x080039ed   Thumb Code    50  sx1280.o(.text.SX1280SetLNAGainSetting)
    SX1280SetLongPreamble                    0x08003a1f   Thumb Code    20  sx1280.o(.text.SX1280SetLongPreamble)
    SX1280SetManualGainValue                 0x08003a33   Thumb Code    32  sx1280.o(.text.SX1280SetManualGainValue)
    SX1280SetModulationParams                0x08003a55   Thumb Code   120  sx1280.o(.text.SX1280SetModulationParams)
    SX1280SetPacketParams                    0x08003acd   Thumb Code   132  sx1280.o(.text.SX1280SetPacketParams)
    SX1280SetPacketType                      0x08003b51   Thumb Code    24  sx1280.o(.text.SX1280SetPacketType)
    SX1280SetPayload                         0x08003b69   Thumb Code    10  sx1280.o(.text.SX1280SetPayload)
    SX1280SetPollingMode                     0x08003b75   Thumb Code     8  sx1280.o(.text.SX1280SetPollingMode)
    SX1280SetRangingCalibration              0x08003b7d   Thumb Code    40  sx1280.o(.text.SX1280SetRangingCalibration)
    SX1280SetRangingIdLength                 0x08003ba5   Thumb Code    44  sx1280.o(.text.SX1280SetRangingIdLength)
    SX1280SetRangingRequestAddress           0x08003bd1   Thumb Code    28  sx1280.o(.text.SX1280SetRangingRequestAddress)
    SX1280SetRangingRole                     0x08003bed   Thumb Code    20  sx1280.o(.text.SX1280SetRangingRole)
    SX1280SetRegistersDefault                0x08003c01   Thumb Code     8  sx1280.o(.text.SX1280SetRegistersDefault)
    SX1280SetRegulatorMode                   0x08003c09   Thumb Code    20  sx1280.o(.text.SX1280SetRegulatorMode)
    SX1280SetRfFrequency                     0x08003c1d   Thumb Code    52  sx1280.o(.text.SX1280SetRfFrequency)
    SX1280SetRx                              0x08003c51   Thumb Code    60  sx1280.o(.text.SX1280SetRx)
    SX1280SetRxDutyCycle                     0x08003c8d   Thumb Code    52  sx1280.o(.text.SX1280SetRxDutyCycle)
    SX1280SetSaveContext                     0x08003cc1   Thumb Code    10  sx1280.o(.text.SX1280SetSaveContext)
    SX1280SetSleep                           0x08003ccd   Thumb Code    56  sx1280.o(.text.SX1280SetSleep)
    SX1280SetStandby                         0x08003d05   Thumb Code    40  sx1280.o(.text.SX1280SetStandby)
    SX1280SetSyncWord                        0x08003d2d   Thumb Code   108  sx1280.o(.text.SX1280SetSyncWord)
    SX1280SetSyncWordErrorTolerance          0x08003d99   Thumb Code    34  sx1280.o(.text.SX1280SetSyncWordErrorTolerance)
    SX1280SetTx                              0x08003dbd   Thumb Code    64  sx1280.o(.text.SX1280SetTx)
    SX1280SetTxContinuousPreamble            0x08003dfd   Thumb Code    10  sx1280.o(.text.SX1280SetTxContinuousPreamble)
    SX1280SetTxContinuousWave                0x08003e07   Thumb Code    10  sx1280.o(.text.SX1280SetTxContinuousWave)
    SX1280SetTxParams                        0x08003e11   Thumb Code    26  sx1280.o(.text.SX1280SetTxParams)
    SX1280SetWhiteningSeed                   0x08003e2d   Thumb Code    36  sx1280.o(.text.SX1280SetWhiteningSeed)
    SX1280StopAutoTx                         0x08003e51   Thumb Code    22  sx1280.o(.text.SX1280StopAutoTx)
    SendNextPacketEvent                      0x08003e69   Thumb Code    32  demoranging.o(.text.SendNextPacketEvent)
    SpiIn                                    0x08003e89   Thumb Code    16  hw-spi.o(.text.SpiIn)
    SpiInOut                                 0x08003e99   Thumb Code    24  hw-spi.o(.text.SpiInOut)
    SpiInit                                  0x08003eb1   Thumb Code    68  hw-spi.o(.text.SpiInit)
    SysTick_Handler                          0x08003ef5   Thumb Code    14  stm32f1xx_it.o(.text.SysTick_Handler)
    SystemClock_Config                       0x08003f03   Thumb Code   102  main.o(.text.SystemClock_Config)
    SystemInit                               0x08003f69   Thumb Code     2  system_stm32f1xx.o(.text.SystemInit)
    TimerCancelTimer                         0x08003f6d   Thumb Code    48  hw-lptim.o(.text.TimerCancelTimer)
    TimerCreateTimer                         0x08003f9d   Thumb Code    64  hw-lptim.o(.text.TimerCreateTimer)
    TimerSysTick_IRQHandler                  0x08003fdd   Thumb Code    88  hw-lptim.o(.text.TimerSysTick_IRQHandler)
    USART3_IRQHandler                        0x08004245   Thumb Code     8  stm32f1xx_it.o(.text.USART3_IRQHandler)
    UsageFault_Handler                       0x0800424d   Thumb Code     2  stm32f1xx_it.o(.text.UsageFault_Handler)
    fputc                                    0x080042d5   Thumb Code    24  syscalls.o(.text.fputc)
    main                                     0x080042ed   Thumb Code   476  main.o(.text.main)
    main_ranging                             0x080044c9   Thumb Code   292  main_ranging.o(.text.main_ranging)
    __0printf                                0x080045ed   Thumb Code    22  printfa.o(i.__0printf)
    __1printf                                0x080045ed   Thumb Code     0  printfa.o(i.__0printf)
    __2printf                                0x080045ed   Thumb Code     0  printfa.o(i.__0printf)
    __c89printf                              0x080045ed   Thumb Code     0  printfa.o(i.__0printf)
    printf                                   0x080045ed   Thumb Code     0  printfa.o(i.__0printf)
    __ARM_fpclassify                         0x0800460d   Thumb Code    40  fpclassify.o(i.__ARM_fpclassify)
    __kernel_poly                            0x08004635   Thumb Code   170  poly.o(i.__kernel_poly)
    __mathlib_dbl_divzero                    0x080046e1   Thumb Code    12  dunder.o(i.__mathlib_dbl_divzero)
    __mathlib_dbl_infnan2                    0x080046f1   Thumb Code     4  dunder.o(i.__mathlib_dbl_infnan2)
    __mathlib_dbl_invalid                    0x080046f5   Thumb Code    12  dunder.o(i.__mathlib_dbl_invalid)
    __mathlib_dbl_overflow                   0x08004701   Thumb Code    14  dunder.o(i.__mathlib_dbl_overflow)
    __mathlib_dbl_underflow                  0x08004711   Thumb Code    10  dunder.o(i.__mathlib_dbl_underflow)
    __scatterload_copy                       0x08004721   Thumb Code    14  handlers.o(i.__scatterload_copy)
    __scatterload_null                       0x0800472f   Thumb Code     2  handlers.o(i.__scatterload_null)
    __scatterload_zeroinit                   0x08004731   Thumb Code    14  handlers.o(i.__scatterload_zeroinit)
    __set_errno                              0x08004741   Thumb Code     6  errno.o(i.__set_errno)
    pow                                      0x08005001   Thumb Code  2512  pow.o(i.pow)
    putchar                                  0x080059d9   Thumb Code     6  putchar.o(i.putchar)
    puts                                     0x080059e5   Thumb Code    30  puts.o(i.puts)
    sqrt                                     0x08005a09   Thumb Code    76  sqrt.o(i.sqrt)
    __mathlib_zero                           0x08005ae0   Data           8  qnan.o(.constdata)
    AHBPrescTable                            0x08005ae8   Data          16  system_stm32f1xx.o(.rodata.AHBPrescTable)
    APBPrescTable                            0x08005af8   Data           8  system_stm32f1xx.o(.rodata.APBPrescTable)
    RNG_CALIB_0400                           0x08005b00   Data          12  demoranging.o(.rodata.RNG_CALIB_0400)
    RNG_CALIB_0800                           0x08005b0c   Data          12  demoranging.o(.rodata.RNG_CALIB_0800)
    RNG_CALIB_1600                           0x08005b18   Data          12  demoranging.o(.rodata.RNG_CALIB_1600)
    RNG_FGRAD_0400                           0x08005b28   Data          48  demoranging.o(.rodata.RNG_FGRAD_0400)
    RNG_FGRAD_0800                           0x08005b58   Data          48  demoranging.o(.rodata.RNG_FGRAD_0800)
    RNG_FGRAD_1600                           0x08005b88   Data          48  demoranging.o(.rodata.RNG_FGRAD_1600)
    Radio                                    0x08005bb8   Data         284  sx1280-hal.o(.rodata.Radio)
    RangingCorrectionSF10BW0400              0x08005cd8   Data        1280  sx1280.o(.rodata.RangingCorrectionSF10BW0400)
    RangingCorrectionSF10BW0800              0x080061d8   Data        1280  sx1280.o(.rodata.RangingCorrectionSF10BW0800)
    RangingCorrectionSF10BW1600              0x080066d8   Data        1280  sx1280.o(.rodata.RangingCorrectionSF10BW1600)
    RangingCorrectionSF5BW0400               0x08006bd8   Data        1280  sx1280.o(.rodata.RangingCorrectionSF5BW0400)
    RangingCorrectionSF5BW0800               0x080070d8   Data        1280  sx1280.o(.rodata.RangingCorrectionSF5BW0800)
    RangingCorrectionSF5BW1600               0x080075d8   Data        1280  sx1280.o(.rodata.RangingCorrectionSF5BW1600)
    RangingCorrectionSF6BW0400               0x08007ad8   Data        1280  sx1280.o(.rodata.RangingCorrectionSF6BW0400)
    RangingCorrectionSF6BW0800               0x08007fd8   Data        1280  sx1280.o(.rodata.RangingCorrectionSF6BW0800)
    RangingCorrectionSF6BW1600               0x080084d8   Data        1280  sx1280.o(.rodata.RangingCorrectionSF6BW1600)
    RangingCorrectionSF7BW0400               0x080089d8   Data        1280  sx1280.o(.rodata.RangingCorrectionSF7BW0400)
    RangingCorrectionSF7BW0800               0x08008ed8   Data        1280  sx1280.o(.rodata.RangingCorrectionSF7BW0800)
    RangingCorrectionSF7BW1600               0x080093d8   Data        1280  sx1280.o(.rodata.RangingCorrectionSF7BW1600)
    RangingCorrectionSF8BW0400               0x080098d8   Data        1280  sx1280.o(.rodata.RangingCorrectionSF8BW0400)
    RangingCorrectionSF8BW0800               0x08009dd8   Data        1280  sx1280.o(.rodata.RangingCorrectionSF8BW0800)
    RangingCorrectionSF8BW1600               0x0800a2d8   Data        1280  sx1280.o(.rodata.RangingCorrectionSF8BW1600)
    RangingCorrectionSF9BW0400               0x0800a7d8   Data        1280  sx1280.o(.rodata.RangingCorrectionSF9BW0400)
    RangingCorrectionSF9BW0800               0x0800acd8   Data        1280  sx1280.o(.rodata.RangingCorrectionSF9BW0800)
    RangingCorrectionSF9BW1600               0x0800b1d8   Data        1280  sx1280.o(.rodata.RangingCorrectionSF9BW1600)
    correctionRangingPolynomeSF10BW0400      0x0800b6d8   Data          88  sx1280.o(.rodata.correctionRangingPolynomeSF10BW0400)
    correctionRangingPolynomeSF10BW0800      0x0800b730   Data          88  sx1280.o(.rodata.correctionRangingPolynomeSF10BW0800)
    correctionRangingPolynomeSF10BW1600      0x0800b788   Data          88  sx1280.o(.rodata.correctionRangingPolynomeSF10BW1600)
    correctionRangingPolynomeSF5BW0400       0x0800b7e0   Data          88  sx1280.o(.rodata.correctionRangingPolynomeSF5BW0400)
    correctionRangingPolynomeSF5BW0800       0x0800b838   Data          88  sx1280.o(.rodata.correctionRangingPolynomeSF5BW0800)
    correctionRangingPolynomeSF5BW1600       0x0800b890   Data          88  sx1280.o(.rodata.correctionRangingPolynomeSF5BW1600)
    correctionRangingPolynomeSF6BW0400       0x0800b8e8   Data          88  sx1280.o(.rodata.correctionRangingPolynomeSF6BW0400)
    correctionRangingPolynomeSF6BW0800       0x0800b940   Data          88  sx1280.o(.rodata.correctionRangingPolynomeSF6BW0800)
    correctionRangingPolynomeSF6BW1600       0x0800b998   Data          88  sx1280.o(.rodata.correctionRangingPolynomeSF6BW1600)
    correctionRangingPolynomeSF7BW0400       0x0800b9f0   Data          88  sx1280.o(.rodata.correctionRangingPolynomeSF7BW0400)
    correctionRangingPolynomeSF7BW0800       0x0800ba48   Data          88  sx1280.o(.rodata.correctionRangingPolynomeSF7BW0800)
    correctionRangingPolynomeSF7BW1600       0x0800baa0   Data          88  sx1280.o(.rodata.correctionRangingPolynomeSF7BW1600)
    correctionRangingPolynomeSF8BW0400       0x0800baf8   Data          88  sx1280.o(.rodata.correctionRangingPolynomeSF8BW0400)
    correctionRangingPolynomeSF8BW0800       0x0800bb50   Data          88  sx1280.o(.rodata.correctionRangingPolynomeSF8BW0800)
    correctionRangingPolynomeSF8BW1600       0x0800bba8   Data          88  sx1280.o(.rodata.correctionRangingPolynomeSF8BW1600)
    correctionRangingPolynomeSF9BW0400       0x0800bc00   Data          88  sx1280.o(.rodata.correctionRangingPolynomeSF9BW0400)
    correctionRangingPolynomeSF9BW0800       0x0800bc58   Data          88  sx1280.o(.rodata.correctionRangingPolynomeSF9BW0800)
    correctionRangingPolynomeSF9BW1600       0x0800bcb0   Data          88  sx1280.o(.rodata.correctionRangingPolynomeSF9BW1600)
    rangingChannels                          0x0800bd08   Data         160  demoranging.o(.rodata.rangingChannels)
    Region$$Table$$Base                      0x0800bff8   Number         0  anon$$obj.o(Region$$Table)
    Region$$Table$$Limit                     0x0800c018   Number         0  anon$$obj.o(Region$$Table)
    __stdout                                 0x20000000   Data           4  stdout.o(.data)
    Callbacks                                0x2000000c   Data          36  demoranging.o(.data..L_MergedGlobals)
    uwTickFreq                               0x20000030   Data           1  stm32f1xx_hal.o(.data..L_MergedGlobals)
    uwTickPrio                               0x20000034   Data           4  stm32f1xx_hal.o(.data..L_MergedGlobals)
    DioIrq                                   0x20000038   Data           4  sx1280.o(.data.DioIrq)
    RangingCorrectionPerSfBwGain             0x2000003c   Data          72  sx1280.o(.data.RangingCorrectionPerSfBwGain)
    RangingCorrectionPolynomesPerSfBw        0x20000084   Data          72  sx1280.o(.data.RangingCorrectionPolynomesPerSfBw)
    SystemCoreClock                          0x200000cc   Data           4  system_stm32f1xx.o(.data.SystemCoreClock)
    DemoSettings                             0x20000128   Data          40  demoranging.o(.bss..L_MergedGlobals.16)
    DemoResults                              0x20000150   Data        4384  demoranging.o(.bss.DemoResults)
    RadioSpiHandle                           0x20001270   Data          88  hw-spi.o(.bss.RadioSpiHandle)
    _SEGGER_RTT                              0x200012c8   Data         168  segger_rtt.o(.bss._SEGGER_RTT)
    hi2c1                                    0x200038c0   Data          84  main.o(.bss.hi2c1)
    huart3                                   0x20003914   Data          72  main.o(.bss.huart3)
    ranging_role                             0x2000395c   Data           1  main_ranging.o(.bss.ranging_role)
    uwTick                                   0x20003960   Data           4  stm32f1xx_hal.o(.bss.uwTick)
    __initial_sp                             0x20003d68   Data           0  startup_stm32f103xb.o(STACK)



==============================================================================

Memory Map of the image

  Image Entry point : 0x080000ed

  Load Region LR_IROM1 (Base: 0x08000000, Size: 0x0000c0e8, Max: 0x00010000, ABSOLUTE)

    Execution Region ER_IROM1 (Exec base: 0x08000000, Load base: 0x08000000, Size: 0x0000c018, Max: 0x00010000, ABSOLUTE)

    Exec Addr    Load Addr    Size         Type   Attr      Idx    E Section Name        Object

    0x08000000   0x08000000   0x000000ec   Data   RO         1358    RESET               startup_stm32f103xb.o
    0x080000ec   0x080000ec   0x00000000   Code   RO         1391  * .ARM.Collect$$$$00000000  mc_w.l(entry.o)
    0x080000ec   0x080000ec   0x00000004   Code   RO         1720    .ARM.Collect$$$$00000001  mc_w.l(entry2.o)
    0x080000f0   0x080000f0   0x00000004   Code   RO         1723    .ARM.Collect$$$$00000004  mc_w.l(entry5.o)
    0x080000f4   0x080000f4   0x00000000   Code   RO         1725    .ARM.Collect$$$$00000008  mc_w.l(entry7b.o)
    0x080000f4   0x080000f4   0x00000000   Code   RO         1727    .ARM.Collect$$$$0000000A  mc_w.l(entry8b.o)
    0x080000f4   0x080000f4   0x00000008   Code   RO         1728    .ARM.Collect$$$$0000000B  mc_w.l(entry9a.o)
    0x080000fc   0x080000fc   0x00000000   Code   RO         1730    .ARM.Collect$$$$0000000D  mc_w.l(entry10a.o)
    0x080000fc   0x080000fc   0x00000000   Code   RO         1732    .ARM.Collect$$$$0000000F  mc_w.l(entry11a.o)
    0x080000fc   0x080000fc   0x00000004   Code   RO         1721    .ARM.Collect$$$$00002712  mc_w.l(entry2.o)
    0x08000100   0x08000100   0x00000024   Code   RO         1359    .text               startup_stm32f103xb.o
    0x08000124   0x08000124   0x00000020   Code   RO         1400    .text               mc_w.l(llushr.o)
    0x08000144   0x08000144   0x00000024   Code   RO         1402    .text               mc_w.l(memcpya.o)
    0x08000168   0x08000168   0x00000024   Code   RO         1404    .text               mc_w.l(memseta.o)
    0x0800018c   0x0800018c   0x0000014c   Code   RO         1673    .text               mc_w.l(_scanf_int.o)
    0x080002d8   0x080002d8   0x0000014e   Code   RO         1675    .text               mf_w.l(dadd.o)
    0x08000426   0x08000426   0x000000e4   Code   RO         1677    .text               mf_w.l(dmul.o)
    0x0800050a   0x0800050a   0x000000de   Code   RO         1679    .text               mf_w.l(ddiv.o)
    0x080005e8   0x080005e8   0x00000036   Code   RO         1681    .text               mf_w.l(dcmpge.o)
    0x0800061e   0x0800061e   0x00000036   Code   RO         1683    .text               mf_w.l(dcmpgt.o)
    0x08000654   0x08000654   0x00000022   Code   RO         1685    .text               mf_w.l(dflti.o)
    0x08000676   0x08000676   0x0000001a   Code   RO         1687    .text               mf_w.l(dfltui.o)
    0x08000690   0x08000690   0x0000003e   Code   RO         1689    .text               mf_w.l(dfixi.o)
    0x080006ce   0x080006ce   0x00000032   Code   RO         1691    .text               mf_w.l(dfixui.o)
    0x08000700   0x08000700   0x0000002c   Code   RO         1735    .text               mc_w.l(uidiv.o)
    0x0800072c   0x0800072c   0x00000062   Code   RO         1737    .text               mc_w.l(uldiv.o)
    0x0800078e   0x0800078e   0x0000001e   Code   RO         1739    .text               mc_w.l(llshl.o)
    0x080007ac   0x080007ac   0x00000024   Code   RO         1741    .text               mc_w.l(llsshr.o)
    0x080007d0   0x080007d0   0x0000001c   Code   RO         1750    .text               mc_w.l(_chval.o)
    0x080007ec   0x080007ec   0x00000000   Code   RO         1756    .text               mc_w.l(iusefp.o)
    0x080007ec   0x080007ec   0x000000ba   Code   RO         1757    .text               mf_w.l(depilogue.o)
    0x080008a6   0x080008a6   0x0000002e   Code   RO         1759    .text               mf_w.l(dscalb.o)
    0x080008d4   0x080008d4   0x00000030   Code   RO         1761    .text               mf_w.l(dfixul.o)
    0x08000904   0x08000904   0x00000030   Code   RO         1763    .text               mf_w.l(cdrcmple.o)
    0x08000934   0x08000934   0x00000024   Code   RO         1765    .text               mc_w.l(init.o)
    0x08000958   0x08000958   0x000000a2   Code   RO         1771    .text               mf_w.l(dsqrt.o)
    0x080009fa   0x080009fa   0x00000002   Code   RO          551    .text.BusFault_Handler  stm32f1xx_it.o
    0x080009fc   0x080009fc   0x00000002   Code   RO          557    .text.DebugMon_Handler  stm32f1xx_it.o
    0x080009fe   0x080009fe   0x00000008   Code   RO          565    .text.EXTI15_10_IRQHandler  stm32f1xx_it.o
    0x08000a06   0x08000a06   0x00000008   Code   RO          531    .text.Error_Handler  main.o
    0x08000a0e   0x08000a0e   0x00000032   Code   RO          489    .text.GpioGetBitPos  hw-gpio.o
    0x08000a40   0x08000a40   0x00000018   Code   RO          493    .text.GpioLaunchIrqHandler  hw-gpio.o
    0x08000a58   0x08000a58   0x00000008   Code   RO          497    .text.GpioRead      hw-gpio.o
    0x08000a60   0x08000a60   0x00000038   Code   RO          487    .text.GpioSetIrq    hw-gpio.o
    0x08000a98   0x08000a98   0x00000006   Code   RO          495    .text.GpioWrite     hw-gpio.o
    0x08000a9e   0x08000a9e   0x00000040   Code   RO          904    .text.HAL_DMA_Abort  stm32f1xx_hal_dma.o
    0x08000ade   0x08000ade   0x00000002   PAD
    0x08000ae0   0x08000ae0   0x000000a0   Code   RO          906    .text.HAL_DMA_Abort_IT  stm32f1xx_hal_dma.o
    0x08000b80   0x08000b80   0x00000020   Code   RO          776    .text.HAL_Delay     stm32f1xx_hal.o
    0x08000ba0   0x08000ba0   0x00000004   Code   RO          499    .text.HAL_GPIO_EXTI_Callback  hw-gpio.o
    0x08000ba4   0x08000ba4   0x00000014   Code   RO          881    .text.HAL_GPIO_EXTI_IRQHandler  stm32f1xx_hal_gpio.o
    0x08000bb8   0x08000bb8   0x0000019c   Code   RO          869    .text.HAL_GPIO_Init  stm32f1xx_hal_gpio.o
    0x08000d54   0x08000d54   0x0000000a   Code   RO          873    .text.HAL_GPIO_ReadPin  stm32f1xx_hal_gpio.o
    0x08000d5e   0x08000d5e   0x0000000a   Code   RO          875    .text.HAL_GPIO_WritePin  stm32f1xx_hal_gpio.o
    0x08000d68   0x08000d68   0x00000008   Code   RO          768    .text.HAL_GetTick   stm32f1xx_hal.o
    0x08000d70   0x08000d70   0x00000178   Code   RO          623    .text.HAL_I2C_Init  stm32f1xx_hal_i2c.o
    0x08000ee8   0x08000ee8   0x0000005c   Code   RO          577    .text.HAL_I2C_MspInit  stm32f1xx_hal_msp.o
    0x08000f44   0x08000f44   0x00000018   Code   RO          766    .text.HAL_IncTick   stm32f1xx_hal.o
    0x08000f5c   0x08000f5c   0x00000020   Code   RO          756    .text.HAL_Init      stm32f1xx_hal.o
    0x08000f7c   0x08000f7c   0x0000003c   Code   RO          758    .text.HAL_InitTick  stm32f1xx_hal.o
    0x08000fb8   0x08000fb8   0x00000040   Code   RO          575    .text.HAL_MspInit   stm32f1xx_hal_msp.o
    0x08000ff8   0x08000ff8   0x0000001c   Code   RO          935    .text.HAL_NVIC_EnableIRQ  stm32f1xx_hal_cortex.o
    0x08001014   0x08001014   0x00000038   Code   RO          931    .text.HAL_NVIC_SetPriority  stm32f1xx_hal_cortex.o
    0x0800104c   0x0800104c   0x00000020   Code   RO          929    .text.HAL_NVIC_SetPriorityGrouping  stm32f1xx_hal_cortex.o
    0x0800106c   0x0800106c   0x0000013c   Code   RO          821    .text.HAL_RCC_ClockConfig  stm32f1xx_hal_rcc.o
    0x080011a8   0x080011a8   0x00000014   Code   RO          833    .text.HAL_RCC_GetPCLK1Freq  stm32f1xx_hal_rcc.o
    0x080011bc   0x080011bc   0x0000001c   Code   RO          835    .text.HAL_RCC_GetPCLK2Freq  stm32f1xx_hal_rcc.o
    0x080011d8   0x080011d8   0x00000060   Code   RO          823    .text.HAL_RCC_GetSysClockFreq  stm32f1xx_hal_rcc.o
    0x08001238   0x08001238   0x00000330   Code   RO          819    .text.HAL_RCC_OscConfig  stm32f1xx_hal_rcc.o
    0x08001568   0x08001568   0x000000b2   Code   RO         1107    .text.HAL_SPI_Init  stm32f1xx_hal_spi.o
    0x0800161a   0x0800161a   0x00000002   PAD
    0x0800161c   0x0800161c   0x00000074   Code   RO          581    .text.HAL_SPI_MspInit  stm32f1xx_hal_msp.o
    0x08001690   0x08001690   0x00000166   Code   RO         1115    .text.HAL_SPI_Transmit  stm32f1xx_hal_spi.o
    0x080017f6   0x080017f6   0x000001dc   Code   RO         1121    .text.HAL_SPI_TransmitReceive  stm32f1xx_hal_spi.o
    0x080019d2   0x080019d2   0x00000002   PAD
    0x080019d4   0x080019d4   0x00000028   Code   RO          943    .text.HAL_SYSTICK_Config  stm32f1xx_hal_cortex.o
    0x080019fc   0x080019fc   0x00000002   Code   RO         1320    .text.HAL_UARTEx_RxEventCallback  stm32f1xx_hal_uart.o
    0x080019fe   0x080019fe   0x00000002   Code   RO         1318    .text.HAL_UART_ErrorCallback  stm32f1xx_hal_uart.o
    0x08001a00   0x08001a00   0x00000290   Code   RO         1312    .text.HAL_UART_IRQHandler  stm32f1xx_hal_uart.o
    0x08001c90   0x08001c90   0x0000005e   Code   RO         1228    .text.HAL_UART_Init  stm32f1xx_hal_uart.o
    0x08001cee   0x08001cee   0x00000002   PAD
    0x08001cf0   0x08001cf0   0x00000088   Code   RO          585    .text.HAL_UART_MspInit  stm32f1xx_hal_msp.o
    0x08001d78   0x08001d78   0x00000002   Code   RO         1326    .text.HAL_UART_RxCpltCallback  stm32f1xx_hal_uart.o
    0x08001d7a   0x08001d7a   0x000000a6   Code   RO         1244    .text.HAL_UART_Transmit  stm32f1xx_hal_uart.o
    0x08001e20   0x08001e20   0x00000002   Code   RO         1322    .text.HAL_UART_TxCpltCallback  stm32f1xx_hal_uart.o
    0x08001e22   0x08001e22   0x00000002   Code   RO          547    .text.HardFault_Handler  stm32f1xx_it.o
    0x08001e24   0x08001e24   0x00000048   Code   RO          491    .text.MSP_GetIRQn   hw-gpio.o
    0x08001e6c   0x08001e6c   0x00000002   Code   RO          549    .text.MemManage_Handler  stm32f1xx_it.o
    0x08001e6e   0x08001e6e   0x00000002   Code   RO          545    .text.NMI_Handler   stm32f1xx_it.o
    0x08001e70   0x08001e70   0x0000001c   Code   RO           12    .text.OnRangingDone  demoranging.o
    0x08001e8c   0x08001e8c   0x00000008   Code   RO            4    .text.OnRxDone      demoranging.o
    0x08001e94   0x08001e94   0x00000008   Code   RO           10    .text.OnRxError     demoranging.o
    0x08001e9c   0x08001e9c   0x00000008   Code   RO            8    .text.OnRxTimeout   demoranging.o
    0x08001ea4   0x08001ea4   0x00000008   Code   RO            2    .text.OnTxDone      demoranging.o
    0x08001eac   0x08001eac   0x00000008   Code   RO            6    .text.OnTxTimeout   demoranging.o
    0x08001eb4   0x08001eb4   0x00000002   Code   RO          559    .text.PendSV_Handler  stm32f1xx_it.o
    0x08001eb6   0x08001eb6   0x00000002   PAD
    0x08001eb8   0x08001eb8   0x00000168   Code   RO           34    .text.RangingDemoCheckDistance  demoranging.o
    0x08002020   0x08002020   0x00000008   Code   RO           30    .text.RangingDemoGetConfiguration  demoranging.o
    0x08002028   0x08002028   0x00000010   Code   RO           32    .text.RangingDemoGetResult  demoranging.o
    0x08002038   0x08002038   0x00000078   Code   RO           14    .text.RangingDemoInitApplication  demoranging.o
    0x080020b0   0x080020b0   0x0000011c   Code   RO           22    .text.RangingDemoInitializeParameters  demoranging.o
    0x080021cc   0x080021cc   0x0000002c   Code   RO           28    .text.RangingDemoReset  demoranging.o
    0x080021f8   0x080021f8   0x000006ac   Code   RO           20    .text.RangingDemoRun  demoranging.o
    0x080028a4   0x080028a4   0x0000001c   Code   RO           18    .text.RangingDemoSetRadioParameters  demoranging.o
    0x080028c0   0x080028c0   0x00000018   Code   RO           16    .text.RangingDemoSetRangingParameters  demoranging.o
    0x080028d8   0x080028d8   0x000001a0   Code   RO           71    .text.RangingDisplayUartOutputData  rangingdisplay.o
    0x08002a78   0x08002a78   0x00000048   Code   RO           73    .text.RangingDisplayUartOutputDistance  rangingdisplay.o
    0x08002ac0   0x08002ac0   0x00000130   Code   RO           75    .text.RangingDisplayUartOutputResultRaw  rangingdisplay.o
    0x08002bf0   0x08002bf0   0x00000004   Code   RO          163    .text.SEGGER_RTT_Init  segger_rtt.o
    0x08002bf4   0x08002bf4   0x00000022   Code   RO         1117    .text.SPI_EndRxTxTransaction  stm32f1xx_hal_spi.o
    0x08002c16   0x08002c16   0x00000002   PAD
    0x08002c18   0x08002c18   0x000000b4   Code   RO         1215    .text.SPI_WaitFlagStateUntilTimeout  stm32f1xx_hal_spi.o
    0x08002ccc   0x08002ccc   0x00000002   Code   RO          555    .text.SVC_Handler   stm32f1xx_it.o
    0x08002cce   0x08002cce   0x00000018   Code   RO          267    .text.SX1280Calibrate  sx1280.o
    0x08002ce6   0x08002ce6   0x00000016   Code   RO          227    .text.SX1280ClearIrqStatus  sx1280.o
    0x08002cfc   0x08002cfc   0x0000009c   Code   RO          337    .text.SX1280ComputeRangingCorrectionPolynome  sx1280.o
    0x08002d98   0x08002d98   0x0000002e   Code   RO          303    .text.SX1280DisableManualGain  sx1280.o
    0x08002dc6   0x08002dc6   0x0000002e   Code   RO          301    .text.SX1280EnableManualGain  sx1280.o
    0x08002df4   0x08002df4   0x0000001a   Code   RO          213    .text.SX1280GetFirmwareVersion  sx1280.o
    0x08002e0e   0x08002e0e   0x00000002   PAD
    0x08002e10   0x08002e10   0x00000088   Code   RO          331    .text.SX1280GetFrequencyError  sx1280.o
    0x08002e98   0x08002e98   0x00000018   Code   RO          265    .text.SX1280GetIrqStatus  sx1280.o
    0x08002eb0   0x08002eb0   0x00000038   Code   RO          317    .text.SX1280GetLoRaBandwidth  sx1280.o
    0x08002ee8   0x08002ee8   0x00000008   Code   RO          217    .text.SX1280GetOpMode  sx1280.o
    0x08002ef0   0x08002ef0   0x000001f0   Code   RO          259    .text.SX1280GetPacketStatus  sx1280.o
    0x080030e0   0x080030e0   0x0000000c   Code   RO          229    .text.SX1280GetPacketType  sx1280.o
    0x080030ec   0x080030ec   0x0000002a   Code   RO          283    .text.SX1280GetPayload  sx1280.o
    0x08003116   0x08003116   0x00000002   PAD
    0x08003118   0x08003118   0x00000048   Code   RO          335    .text.SX1280GetRangingCorrectionPerSfBwGain  sx1280.o
    0x08003160   0x08003160   0x00000040   Code   RO          319    .text.SX1280GetRangingPowerDeltaThresholdIndicator  sx1280.o
    0x080031a0   0x080031a0   0x000000dc   Code   RO          315    .text.SX1280GetRangingResult  sx1280.o
    0x0800327c   0x0800327c   0x00000024   Code   RO          261    .text.SX1280GetRssiInst  sx1280.o
    0x080032a0   0x080032a0   0x00000050   Code   RO          257    .text.SX1280GetRxBufferStatus  sx1280.o
    0x080032f0   0x080032f0   0x0000001a   Code   RO          215    .text.SX1280GetStatus  sx1280.o
    0x0800330a   0x0800330a   0x00000002   PAD
    0x0800330c   0x0800330c   0x00000024   Code   RO          412    .text.SX1280HalGetDioStatus  sx1280-hal.o
    0x08003330   0x08003330   0x00000012   Code   RO          416    .text.SX1280HalInit  sx1280-hal.o
    0x08003342   0x08003342   0x00000002   PAD
    0x08003344   0x08003344   0x00000010   Code   RO          418    .text.SX1280HalIoIrqInit  sx1280-hal.o
    0x08003354   0x08003354   0x00000060   Code   RO          410    .text.SX1280HalReadBuffer  sx1280-hal.o
    0x080033b4   0x080033b4   0x0000005c   Code   RO          398    .text.SX1280HalReadCommand  sx1280-hal.o
    0x08003410   0x08003410   0x00000012   Code   RO          406    .text.SX1280HalReadRegister  sx1280-hal.o
    0x08003422   0x08003422   0x00000002   PAD
    0x08003424   0x08003424   0x00000068   Code   RO          404    .text.SX1280HalReadRegisters  sx1280-hal.o
    0x0800348c   0x0800348c   0x00000034   Code   RO          394    .text.SX1280HalReset  sx1280-hal.o
    0x080034c0   0x080034c0   0x00000014   Code   RO          414    .text.SX1280HalWaitOnBusy  sx1280-hal.o
    0x080034d4   0x080034d4   0x00000040   Code   RO          408    .text.SX1280HalWriteBuffer  sx1280-hal.o
    0x08003514   0x08003514   0x00000054   Code   RO          396    .text.SX1280HalWriteCommand  sx1280-hal.o
    0x08003568   0x08003568   0x00000012   Code   RO          402    .text.SX1280HalWriteRegister  sx1280-hal.o
    0x0800357a   0x0800357a   0x00000002   PAD
    0x0800357c   0x0800357c   0x00000050   Code   RO          400    .text.SX1280HalWriteRegisters  sx1280-hal.o
    0x080035cc   0x080035cc   0x00000010   Code   RO          209    .text.SX1280Init    sx1280.o
    0x080035dc   0x080035dc   0x00000018   Code   RO          207    .text.SX1280OnDioIrq  sx1280.o
    0x080035f4   0x080035f4   0x00000238   Code   RO          341    .text.SX1280ProcessIrqs  sx1280.o
    0x0800382c   0x0800382c   0x00000028   Code   RO          323    .text.SX1280RangingClearFilterResult  sx1280.o
    0x08003854   0x08003854   0x00000012   Code   RO          325    .text.SX1280RangingSetFilterNumSamples  sx1280.o
    0x08003866   0x08003866   0x00000012   Code   RO          285    .text.SX1280SendPayload  sx1280.o
    0x08003878   0x08003878   0x00000014   Code   RO          277    .text.SX1280SetAutoFS  sx1280.o
    0x0800388c   0x0800388c   0x0000001a   Code   RO          273    .text.SX1280SetAutoTx  sx1280.o
    0x080038a6   0x080038a6   0x00000002   PAD
    0x080038a8   0x080038a8   0x00000034   Code   RO          293    .text.SX1280SetBleAccessAddress  sx1280.o
    0x080038dc   0x080038dc   0x0000000c   Code   RO          295    .text.SX1280SetBleAdvertizerAccessAddress  sx1280.o
    0x080038e8   0x080038e8   0x00000018   Code   RO          251    .text.SX1280SetBufferBaseAddresses  sx1280.o
    0x08003900   0x08003900   0x00000014   Code   RO          237    .text.SX1280SetCad  sx1280.o
    0x08003914   0x08003914   0x0000001c   Code   RO          249    .text.SX1280SetCadParams  sx1280.o
    0x08003930   0x08003930   0x00000024   Code   RO          297    .text.SX1280SetCrcPolynomial  sx1280.o
    0x08003954   0x08003954   0x00000024   Code   RO          291    .text.SX1280SetCrcSeed  sx1280.o
    0x08003978   0x08003978   0x00000020   Code   RO          311    .text.SX1280SetDeviceRangingAddress  sx1280.o
    0x08003998   0x08003998   0x00000036   Code   RO          263    .text.SX1280SetDioIrqParams  sx1280.o
    0x080039ce   0x080039ce   0x00000002   PAD
    0x080039d0   0x080039d0   0x00000014   Code   RO          223    .text.SX1280SetFs   sx1280.o
    0x080039e4   0x080039e4   0x00000008   Code   RO          339    .text.SX1280SetInterruptMode  sx1280.o
    0x080039ec   0x080039ec   0x00000032   Code   RO          307    .text.SX1280SetLNAGainSetting  sx1280.o
    0x08003a1e   0x08003a1e   0x00000014   Code   RO          279    .text.SX1280SetLongPreamble  sx1280.o
    0x08003a32   0x08003a32   0x00000020   Code   RO          305    .text.SX1280SetManualGainValue  sx1280.o
    0x08003a52   0x08003a52   0x00000002   PAD
    0x08003a54   0x08003a54   0x00000078   Code   RO          253    .text.SX1280SetModulationParams  sx1280.o
    0x08003acc   0x08003acc   0x00000084   Code   RO          255    .text.SX1280SetPacketParams  sx1280.o
    0x08003b50   0x08003b50   0x00000018   Code   RO          243    .text.SX1280SetPacketType  sx1280.o
    0x08003b68   0x08003b68   0x0000000a   Code   RO          281    .text.SX1280SetPayload  sx1280.o
    0x08003b72   0x08003b72   0x00000002   PAD
    0x08003b74   0x08003b74   0x00000008   Code   RO          333    .text.SX1280SetPollingMode  sx1280.o
    0x08003b7c   0x08003b7c   0x00000028   Code   RO          321    .text.SX1280SetRangingCalibration  sx1280.o
    0x08003ba4   0x08003ba4   0x0000002c   Code   RO          309    .text.SX1280SetRangingIdLength  sx1280.o
    0x08003bd0   0x08003bd0   0x0000001c   Code   RO          313    .text.SX1280SetRangingRequestAddress  sx1280.o
    0x08003bec   0x08003bec   0x00000014   Code   RO          231    .text.SX1280SetRangingRole  sx1280.o
    0x08003c00   0x08003c00   0x00000008   Code   RO          211    .text.SX1280SetRegistersDefault  sx1280.o
    0x08003c08   0x08003c08   0x00000014   Code   RO          269    .text.SX1280SetRegulatorMode  sx1280.o
    0x08003c1c   0x08003c1c   0x00000034   Code   RO          245    .text.SX1280SetRfFrequency  sx1280.o
    0x08003c50   0x08003c50   0x0000003c   Code   RO          233    .text.SX1280SetRx   sx1280.o
    0x08003c8c   0x08003c8c   0x00000034   Code   RO          235    .text.SX1280SetRxDutyCycle  sx1280.o
    0x08003cc0   0x08003cc0   0x0000000a   Code   RO          271    .text.SX1280SetSaveContext  sx1280.o
    0x08003cca   0x08003cca   0x00000002   PAD
    0x08003ccc   0x08003ccc   0x00000038   Code   RO          219    .text.SX1280SetSleep  sx1280.o
    0x08003d04   0x08003d04   0x00000028   Code   RO          221    .text.SX1280SetStandby  sx1280.o
    0x08003d2c   0x08003d2c   0x0000006c   Code   RO          287    .text.SX1280SetSyncWord  sx1280.o
    0x08003d98   0x08003d98   0x00000022   Code   RO          289    .text.SX1280SetSyncWordErrorTolerance  sx1280.o
    0x08003dba   0x08003dba   0x00000002   PAD
    0x08003dbc   0x08003dbc   0x00000040   Code   RO          225    .text.SX1280SetTx   sx1280.o
    0x08003dfc   0x08003dfc   0x0000000a   Code   RO          241    .text.SX1280SetTxContinuousPreamble  sx1280.o
    0x08003e06   0x08003e06   0x0000000a   Code   RO          239    .text.SX1280SetTxContinuousWave  sx1280.o
    0x08003e10   0x08003e10   0x0000001a   Code   RO          247    .text.SX1280SetTxParams  sx1280.o
    0x08003e2a   0x08003e2a   0x00000002   PAD
    0x08003e2c   0x08003e2c   0x00000024   Code   RO          299    .text.SX1280SetWhiteningSeed  sx1280.o
    0x08003e50   0x08003e50   0x00000016   Code   RO          275    .text.SX1280StopAutoTx  sx1280.o
    0x08003e66   0x08003e66   0x00000002   PAD
    0x08003e68   0x08003e68   0x00000020   Code   RO           24    .text.SendNextPacketEvent  demoranging.o
    0x08003e88   0x08003e88   0x00000010   Code   RO          442    .text.SpiIn         hw-spi.o
    0x08003e98   0x08003e98   0x00000018   Code   RO          440    .text.SpiInOut      hw-spi.o
    0x08003eb0   0x08003eb0   0x00000044   Code   RO          436    .text.SpiInit       hw-spi.o
    0x08003ef4   0x08003ef4   0x0000000e   Code   RO          561    .text.SysTick_Handler  stm32f1xx_it.o
    0x08003f02   0x08003f02   0x00000066   Code   RO          529    .text.SystemClock_Config  main.o
    0x08003f68   0x08003f68   0x00000002   Code   RO         1366    .text.SystemInit    system_stm32f1xx.o
    0x08003f6a   0x08003f6a   0x00000002   PAD
    0x08003f6c   0x08003f6c   0x00000030   Code   RO          513    .text.TimerCancelTimer  hw-lptim.o
    0x08003f9c   0x08003f9c   0x00000040   Code   RO          511    .text.TimerCreateTimer  hw-lptim.o
    0x08003fdc   0x08003fdc   0x00000058   Code   RO          515    .text.TimerSysTick_IRQHandler  hw-lptim.o
    0x08004034   0x08004034   0x0000000c   Code   RO         1316    .text.UART_DMAAbortOnError  stm32f1xx_hal_uart.o
    0x08004040   0x08004040   0x0000004e   Code   RO         1276    .text.UART_EndRxTransfer  stm32f1xx_hal_uart.o
    0x0800408e   0x0800408e   0x000000c4   Code   RO         1314    .text.UART_Receive_IT  stm32f1xx_hal_uart.o
    0x08004152   0x08004152   0x00000002   PAD
    0x08004154   0x08004154   0x00000080   Code   RO         1232    .text.UART_SetConfig  stm32f1xx_hal_uart.o
    0x080041d4   0x080041d4   0x0000006e   Code   RO         1246    .text.UART_WaitOnFlagUntilTimeout  stm32f1xx_hal_uart.o
    0x08004242   0x08004242   0x00000002   PAD
    0x08004244   0x08004244   0x00000008   Code   RO          563    .text.USART3_IRQHandler  stm32f1xx_it.o
    0x0800424c   0x0800424c   0x00000002   Code   RO          553    .text.UsageFault_Handler  stm32f1xx_it.o
    0x0800424e   0x0800424e   0x00000002   PAD
    0x08004250   0x08004250   0x00000060   Code   RO          105    .text._DoInit       segger_rtt.o
    0x080042b0   0x080042b0   0x00000024   Code   RO          933    .text.__NVIC_SetPriority  stm32f1xx_hal_cortex.o
    0x080042d4   0x080042d4   0x00000018   Code   RO          598    .text.fputc         syscalls.o
    0x080042ec   0x080042ec   0x000001dc   Code   RO          527    .text.main          main.o
    0x080044c8   0x080044c8   0x00000124   Code   RO           60    .text.main_ranging  main_ranging.o
    0x080045ec   0x080045ec   0x00000020   Code   RO         1643    i.__0printf         mc_w.l(printfa.o)
    0x0800460c   0x0800460c   0x00000028   Code   RO         1707    i.__ARM_fpclassify  m_ws.l(fpclassify.o)
    0x08004634   0x08004634   0x000000aa   Code   RO         1709    i.__kernel_poly     m_ws.l(poly.o)
    0x080046de   0x080046de   0x00000002   PAD
    0x080046e0   0x080046e0   0x00000010   Code   RO         1693    i.__mathlib_dbl_divzero  m_ws.l(dunder.o)
    0x080046f0   0x080046f0   0x00000004   Code   RO         1695    i.__mathlib_dbl_infnan2  m_ws.l(dunder.o)
    0x080046f4   0x080046f4   0x0000000c   Code   RO         1696    i.__mathlib_dbl_invalid  m_ws.l(dunder.o)
    0x08004700   0x08004700   0x0000000e   Code   RO         1697    i.__mathlib_dbl_overflow  m_ws.l(dunder.o)
    0x0800470e   0x0800470e   0x00000002   PAD
    0x08004710   0x08004710   0x00000010   Code   RO         1699    i.__mathlib_dbl_underflow  m_ws.l(dunder.o)
    0x08004720   0x08004720   0x0000000e   Code   RO         1780    i.__scatterload_copy  mc_w.l(handlers.o)
    0x0800472e   0x0800472e   0x00000002   Code   RO         1781    i.__scatterload_null  mc_w.l(handlers.o)
    0x08004730   0x08004730   0x0000000e   Code   RO         1782    i.__scatterload_zeroinit  mc_w.l(handlers.o)
    0x0800473e   0x0800473e   0x00000002   PAD
    0x08004740   0x08004740   0x0000000c   Code   RO         1745    i.__set_errno       mc_w.l(errno.o)
    0x0800474c   0x0800474c   0x00000184   Code   RO         1650    i._fp_digits        mc_w.l(printfa.o)
    0x080048d0   0x080048d0   0x000006dc   Code   RO         1651    i._printf_core      mc_w.l(printfa.o)
    0x08004fac   0x08004fac   0x00000024   Code   RO         1652    i._printf_post_padding  mc_w.l(printfa.o)
    0x08004fd0   0x08004fd0   0x0000002e   Code   RO         1653    i._printf_pre_padding  mc_w.l(printfa.o)
    0x08004ffe   0x08004ffe   0x00000002   PAD
    0x08005000   0x08005000   0x000009d8   Code   RO         1382    i.pow               m_ws.l(pow.o)
    0x080059d8   0x080059d8   0x0000000c   Code   RO         1396    i.putchar           mc_w.l(putchar.o)
    0x080059e4   0x080059e4   0x00000024   Code   RO         1394    i.puts              mc_w.l(puts.o)
    0x08005a08   0x08005a08   0x0000004c   Code   RO         1713    i.sqrt              m_ws.l(sqrt.o)
    0x08005a54   0x08005a54   0x00000004   PAD
    0x08005a58   0x08005a58   0x00000088   Data   RO         1383    .constdata          m_ws.l(pow.o)
    0x08005ae0   0x08005ae0   0x00000008   Data   RO         1711    .constdata          m_ws.l(qnan.o)
    0x08005ae8   0x08005ae8   0x00000010   Data   RO         1371    .rodata.AHBPrescTable  system_stm32f1xx.o
    0x08005af8   0x08005af8   0x00000008   Data   RO         1372    .rodata.APBPrescTable  system_stm32f1xx.o
    0x08005b00   0x08005b00   0x0000000c   Data   RO           40    .rodata.RNG_CALIB_0400  demoranging.o
    0x08005b0c   0x08005b0c   0x0000000c   Data   RO           41    .rodata.RNG_CALIB_0800  demoranging.o
    0x08005b18   0x08005b18   0x0000000c   Data   RO           42    .rodata.RNG_CALIB_1600  demoranging.o
    0x08005b24   0x08005b24   0x00000004   PAD
    0x08005b28   0x08005b28   0x00000030   Data   RO           43    .rodata.RNG_FGRAD_0400  demoranging.o
    0x08005b58   0x08005b58   0x00000030   Data   RO           44    .rodata.RNG_FGRAD_0800  demoranging.o
    0x08005b88   0x08005b88   0x00000030   Data   RO           45    .rodata.RNG_FGRAD_1600  demoranging.o
    0x08005bb8   0x08005bb8   0x0000011c   Data   RO          424    .rodata.Radio       sx1280-hal.o
    0x08005cd4   0x08005cd4   0x00000004   PAD
    0x08005cd8   0x08005cd8   0x00000500   Data   RO          353    .rodata.RangingCorrectionSF10BW0400  sx1280.o
    0x080061d8   0x080061d8   0x00000500   Data   RO          365    .rodata.RangingCorrectionSF10BW0800  sx1280.o
    0x080066d8   0x080066d8   0x00000500   Data   RO          377    .rodata.RangingCorrectionSF10BW1600  sx1280.o
    0x08006bd8   0x08006bd8   0x00000500   Data   RO          343    .rodata.RangingCorrectionSF5BW0400  sx1280.o
    0x080070d8   0x080070d8   0x00000500   Data   RO          355    .rodata.RangingCorrectionSF5BW0800  sx1280.o
    0x080075d8   0x080075d8   0x00000500   Data   RO          367    .rodata.RangingCorrectionSF5BW1600  sx1280.o
    0x08007ad8   0x08007ad8   0x00000500   Data   RO          345    .rodata.RangingCorrectionSF6BW0400  sx1280.o
    0x08007fd8   0x08007fd8   0x00000500   Data   RO          357    .rodata.RangingCorrectionSF6BW0800  sx1280.o
    0x080084d8   0x080084d8   0x00000500   Data   RO          369    .rodata.RangingCorrectionSF6BW1600  sx1280.o
    0x080089d8   0x080089d8   0x00000500   Data   RO          347    .rodata.RangingCorrectionSF7BW0400  sx1280.o
    0x08008ed8   0x08008ed8   0x00000500   Data   RO          359    .rodata.RangingCorrectionSF7BW0800  sx1280.o
    0x080093d8   0x080093d8   0x00000500   Data   RO          371    .rodata.RangingCorrectionSF7BW1600  sx1280.o
    0x080098d8   0x080098d8   0x00000500   Data   RO          349    .rodata.RangingCorrectionSF8BW0400  sx1280.o
    0x08009dd8   0x08009dd8   0x00000500   Data   RO          361    .rodata.RangingCorrectionSF8BW0800  sx1280.o
    0x0800a2d8   0x0800a2d8   0x00000500   Data   RO          373    .rodata.RangingCorrectionSF8BW1600  sx1280.o
    0x0800a7d8   0x0800a7d8   0x00000500   Data   RO          351    .rodata.RangingCorrectionSF9BW0400  sx1280.o
    0x0800acd8   0x0800acd8   0x00000500   Data   RO          363    .rodata.RangingCorrectionSF9BW0800  sx1280.o
    0x0800b1d8   0x0800b1d8   0x00000500   Data   RO          375    .rodata.RangingCorrectionSF9BW1600  sx1280.o
    0x0800b6d8   0x0800b6d8   0x00000058   Data   RO          354    .rodata.correctionRangingPolynomeSF10BW0400  sx1280.o
    0x0800b730   0x0800b730   0x00000058   Data   RO          366    .rodata.correctionRangingPolynomeSF10BW0800  sx1280.o
    0x0800b788   0x0800b788   0x00000058   Data   RO          378    .rodata.correctionRangingPolynomeSF10BW1600  sx1280.o
    0x0800b7e0   0x0800b7e0   0x00000058   Data   RO          344    .rodata.correctionRangingPolynomeSF5BW0400  sx1280.o
    0x0800b838   0x0800b838   0x00000058   Data   RO          356    .rodata.correctionRangingPolynomeSF5BW0800  sx1280.o
    0x0800b890   0x0800b890   0x00000058   Data   RO          368    .rodata.correctionRangingPolynomeSF5BW1600  sx1280.o
    0x0800b8e8   0x0800b8e8   0x00000058   Data   RO          346    .rodata.correctionRangingPolynomeSF6BW0400  sx1280.o
    0x0800b940   0x0800b940   0x00000058   Data   RO          358    .rodata.correctionRangingPolynomeSF6BW0800  sx1280.o
    0x0800b998   0x0800b998   0x00000058   Data   RO          370    .rodata.correctionRangingPolynomeSF6BW1600  sx1280.o
    0x0800b9f0   0x0800b9f0   0x00000058   Data   RO          348    .rodata.correctionRangingPolynomeSF7BW0400  sx1280.o
    0x0800ba48   0x0800ba48   0x00000058   Data   RO          360    .rodata.correctionRangingPolynomeSF7BW0800  sx1280.o
    0x0800baa0   0x0800baa0   0x00000058   Data   RO          372    .rodata.correctionRangingPolynomeSF7BW1600  sx1280.o
    0x0800baf8   0x0800baf8   0x00000058   Data   RO          350    .rodata.correctionRangingPolynomeSF8BW0400  sx1280.o
    0x0800bb50   0x0800bb50   0x00000058   Data   RO          362    .rodata.correctionRangingPolynomeSF8BW0800  sx1280.o
    0x0800bba8   0x0800bba8   0x00000058   Data   RO          374    .rodata.correctionRangingPolynomeSF8BW1600  sx1280.o
    0x0800bc00   0x0800bc00   0x00000058   Data   RO          352    .rodata.correctionRangingPolynomeSF9BW0400  sx1280.o
    0x0800bc58   0x0800bc58   0x00000058   Data   RO          364    .rodata.correctionRangingPolynomeSF9BW0800  sx1280.o
    0x0800bcb0   0x0800bcb0   0x00000058   Data   RO          376    .rodata.correctionRangingPolynomeSF9BW1600  sx1280.o
    0x0800bd08   0x0800bd08   0x000000a0   Data   RO           39    .rodata.rangingChannels  demoranging.o
    0x0800bda8   0x0800bda8   0x00000179   Data   RO           48    .rodata.str1.1      demoranging.o
    0x0800bf21   0x0800bf21   0x000000cc   Data   RO           77    .rodata.str1.1      rangingdisplay.o
    0x0800bfed   0x0800bfed   0x00000009   Data   RO          178    .rodata.str1.1      segger_rtt.o
    0x0800bff6   0x0800bff6   0x00000002   PAD
    0x0800bff8   0x0800bff8   0x00000020   Data   RO         1779    Region$$Table       anon$$obj.o


    Execution Region RW_IRAM1 (Exec base: 0x20000000, Load base: 0x0800c018, Size: 0x00003d68, Max: 0x00005000, ABSOLUTE)

    Exec Addr    Load Addr    Size         Type   Attr      Idx    E Section Name        Object

    0x20000000   0x0800c018   0x00000004   Data   RW         1734    .data               mc_w.l(stdout.o)
    0x20000004   0x0800c01c   0x00000004   Data   RW         1746    .data               mc_w.l(errno.o)
    0x20000008   0x0800c020   0x00000028   Data   RW           49    .data..L_MergedGlobals  demoranging.o
    0x20000030   0x0800c048   0x00000008   Data   RW          807    .data..L_MergedGlobals  stm32f1xx_hal.o
    0x20000038   0x0800c050   0x00000004   Data   RW          382    .data.DioIrq        sx1280.o
    0x2000003c   0x0800c054   0x00000048   Data   RW          379    .data.RangingCorrectionPerSfBwGain  sx1280.o
    0x20000084   0x0800c09c   0x00000048   Data   RW          380    .data.RangingCorrectionPolynomesPerSfBw  sx1280.o
    0x200000cc   0x0800c0e4   0x00000004   Data   RW         1370    .data.SystemCoreClock  system_stm32f1xx.o
    0x200000d0        -       0x00000008   Zero   RW           78    .bss..L_MergedGlobals  rangingdisplay.o
    0x200000d8        -       0x0000000c   Zero   RW          384    .bss..L_MergedGlobals  sx1280.o
    0x200000e4        -       0x00000014   Zero   RW          517    .bss..L_MergedGlobals  hw-lptim.o
    0x200000f8        -       0x00000058   Zero   RW           50    .bss..L_MergedGlobals.16  demoranging.o
    0x20000150        -       0x00001120   Zero   RW           47    .bss.DemoResults    demoranging.o
    0x20001270        -       0x00000058   Zero   RW          448    .bss.RadioSpiHandle  hw-spi.o
    0x200012c8        -       0x000000a8   Zero   RW          175    .bss._SEGGER_RTT    segger_rtt.o
    0x20001370        -       0x00000010   Zero   RW          180    .bss._acDownBuffer  segger_rtt.o
    0x20001380        -       0x00000400   Zero   RW          179    .bss._acUpBuffer    segger_rtt.o
    0x20001780        -       0x000000ff   Zero   RW           46    .bss.demoBuffer     demoranging.o
    0x2000187f   0x0800c0e8   0x00000001   PAD
    0x20001880        -       0x00000040   Zero   RW          501    .bss.gpioIrq        hw-gpio.o
    0x200018c0        -       0x00000fff   Zero   RW          426    .bss.halRxBuffer    sx1280-hal.o
    0x200028bf        -       0x00000fff   Zero   RW          425    .bss.halTxBuffer    sx1280-hal.o
    0x200038be   0x0800c0e8   0x00000002   PAD
    0x200038c0        -       0x00000054   Zero   RW          533    .bss.hi2c1          main.o
    0x20003914        -       0x00000048   Zero   RW          535    .bss.huart3         main.o
    0x2000395c        -       0x00000001   Zero   RW           62    .bss.ranging_role   main_ranging.o
    0x2000395d   0x0800c0e8   0x00000003   PAD
    0x20003960        -       0x00000004   Zero   RW          806    .bss.uwTick         stm32f1xx_hal.o
    0x20003964   0x0800c0e8   0x00000004   PAD
    0x20003968        -       0x00000400   Zero   RW         1356    STACK               startup_stm32f103xb.o


==============================================================================

Image component sizes


      Code (inc. data)   RO Data    RW Data    ZI Data      Debug   Object Name

      2692        340        717         40       4727      16030   demoranging.o
       220         12          0          0         64       3862   hw-gpio.o
       200         88          0          0         20       1225   hw-lptim.o
       108          8          0          0         88       3941   hw-spi.o
       586         32          0          0        156       8693   main.o
       292         96          0          0          1       1975   main_ranging.o
       792        332        204          0          8       3145   rangingdisplay.o
       100         28          9          0       1208      14379   segger_rtt.o
        36          8        236          0       1024        772   startup_stm32f103xb.o
       156         12          0          8          4       5764   stm32f1xx_hal.o
       192         28          0          0          0       7958   stm32f1xx_hal_cortex.o
       224         24          0          0          0       6781   stm32f1xx_hal_dma.o
       452         56          0          0          0       4420   stm32f1xx_hal_gpio.o
       376         20          0          0          0      36971   stm32f1xx_hal_i2c.o
       408         28          0          0          0       8513   stm32f1xx_hal_msp.o
      1276         72          0          0          0       7008   stm32f1xx_hal_rcc.o
      1226          4          0          0          0      19550   stm32f1xx_hal_spi.o
      1448          8          0          0          0      22438   stm32f1xx_hal_uart.o
        46          0          0          0          0       1324   stm32f1xx_it.o
       698         20        284          0       8190      17706   sx1280-hal.o
      3780        148      24624        148         12      30714   sx1280.o
        24          0          0          0          0        876   syscalls.o
         2          0         24          4          0       1586   system_stm32f1xx.o

    ----------------------------------------------------------------------
     15382       1364      26140        200      15512     225631   Object Totals
         0          0         32          0          0          0   (incl. Generated)
        48          0         10          0         10          0   (incl. Padding)

    ----------------------------------------------------------------------

      Code (inc. data)   RO Data    RW Data    ZI Data      Debug   Library Member Name

        62         10          0          0          0        340   dunder.o
        40          0          0          0          0         68   fpclassify.o
       170          0          0          0          0         96   poly.o
      2520        190        136          0          0        324   pow.o
         0          0          8          0          0          0   qnan.o
        76          0          0          0          0         84   sqrt.o
        28          0          0          0          0         68   _chval.o
       332          0          0          0          0         96   _scanf_int.o
         0          0          0          0          0          0   entry.o
         0          0          0          0          0          0   entry10a.o
         0          0          0          0          0          0   entry11a.o
         8          4          0          0          0          0   entry2.o
         4          0          0          0          0          0   entry5.o
         0          0          0          0          0          0   entry7b.o
         0          0          0          0          0          0   entry8b.o
         8          4          0          0          0          0   entry9a.o
        12          6          0          4          0         68   errno.o
        30          0          0          0          0          0   handlers.o
        36          8          0          0          0         68   init.o
         0          0          0          0          0          0   iusefp.o
        30          0          0          0          0         68   llshl.o
        36          0          0          0          0         68   llsshr.o
        32          0          0          0          0         68   llushr.o
        36          0          0          0          0         68   memcpya.o
        36          0          0          0          0        108   memseta.o
      2258         90          0          0          0        452   printfa.o
        12          6          0          0          0         68   putchar.o
        36          6          0          0          0         80   puts.o
         0          0          0          4          0          0   stdout.o
        44          0          0          0          0         80   uidiv.o
        98          0          0          0          0         92   uldiv.o
        48          0          0          0          0         68   cdrcmple.o
       334          0          0          0          0        148   dadd.o
        54          0          0          0          0         80   dcmpge.o
        54          0          0          0          0         80   dcmpgt.o
       222          0          0          0          0        100   ddiv.o
       186          0          0          0          0        176   depilogue.o
        62          0          0          0          0         80   dfixi.o
        50          0          0          0          0         76   dfixui.o
        48          0          0          0          0         68   dfixul.o
        34          0          0          0          0         76   dflti.o
        26          0          0          0          0         76   dfltui.o
       228          0          0          0          0         96   dmul.o
        46          0          0          0          0         80   dscalb.o
       162          0          0          0          0        100   dsqrt.o

    ----------------------------------------------------------------------
      7510        324        144          8          0       3668   Library Totals
        12          0          0          0          0          0   (incl. Padding)

    ----------------------------------------------------------------------

      Code (inc. data)   RO Data    RW Data    ZI Data      Debug   Library Name

      2868        200        144          0          0        912   m_ws.l
      3076        124          0          8          0       1452   mc_w.l
      1554          0          0          0          0       1304   mf_w.l

    ----------------------------------------------------------------------
      7510        324        144          8          0       3668   Library Totals

    ----------------------------------------------------------------------

==============================================================================


      Code (inc. data)   RO Data    RW Data    ZI Data      Debug   

     22892       1688      26284        208      15512     227191   Grand Totals
     22892       1688      26284        208      15512     227191   ELF Image Totals
     22892       1688      26284        208          0          0   ROM Totals

==============================================================================

    Total RO  Size (Code + RO Data)                49176 (  48.02kB)
    Total RW  Size (RW Data + ZI Data)             15720 (  15.35kB)
    Total ROM Size (Code + RO Data + RW Data)      49384 (  48.23kB)

==============================================================================

